Archive member included to satisfy reference by file (symbol)

/Applications/STM32CubeIDE.app/Contents/Eclipse/plugins/com.st.stm32cube.ide.mcu.externaltools.gnu-tools-for-stm32.14.3.rel1.macosaarch64_1.0.0.202602081740/tools/bin/../lib/gcc/arm-none-eabi/14.3.1/../../../../arm-none-eabi/lib/thumb/v7e-m+fp/hard/libc_nano.a(libc_a-exit.o)
                              /Applications/STM32CubeIDE.app/Contents/Eclipse/plugins/com.st.stm32cube.ide.mcu.externaltools.gnu-tools-for-stm32.14.3.rel1.macosaarch64_1.0.0.202602081740/tools/bin/../lib/gcc/arm-none-eabi/14.3.1/../../../../arm-none-eabi/lib/thumb/v7e-m+fp/hard/crt0.o (exit)
/Applications/STM32CubeIDE.app/Contents/Eclipse/plugins/com.st.stm32cube.ide.mcu.externaltools.gnu-tools-for-stm32.14.3.rel1.macosaarch64_1.0.0.202602081740/tools/bin/../lib/gcc/arm-none-eabi/14.3.1/../../../../arm-none-eabi/lib/thumb/v7e-m+fp/hard/libc_nano.a(libc_a-findfp.o)
                              /Applications/STM32CubeIDE.app/Contents/Eclipse/plugins/com.st.stm32cube.ide.mcu.externaltools.gnu-tools-for-stm32.14.3.rel1.macosaarch64_1.0.0.202602081740/tools/bin/../lib/gcc/arm-none-eabi/14.3.1/../../../../arm-none-eabi/lib/thumb/v7e-m+fp/hard/libc_nano.a(libc_a-exit.o) (__stdio_exit_handler)
/Applications/STM32CubeIDE.app/Contents/Eclipse/plugins/com.st.stm32cube.ide.mcu.externaltools.gnu-tools-for-stm32.14.3.rel1.macosaarch64_1.0.0.202602081740/tools/bin/../lib/gcc/arm-none-eabi/14.3.1/../../../../arm-none-eabi/lib/thumb/v7e-m+fp/hard/libc_nano.a(libc_a-fwalk.o)
                              /Applications/STM32CubeIDE.app/Contents/Eclipse/plugins/com.st.stm32cube.ide.mcu.externaltools.gnu-tools-for-stm32.14.3.rel1.macosaarch64_1.0.0.202602081740/tools/bin/../lib/gcc/arm-none-eabi/14.3.1/../../../../arm-none-eabi/lib/thumb/v7e-m+fp/hard/libc_nano.a(libc_a-findfp.o) (_fwalk_sglue)
/Applications/STM32CubeIDE.app/Contents/Eclipse/plugins/com.st.stm32cube.ide.mcu.externaltools.gnu-tools-for-stm32.14.3.rel1.macosaarch64_1.0.0.202602081740/tools/bin/../lib/gcc/arm-none-eabi/14.3.1/../../../../arm-none-eabi/lib/thumb/v7e-m+fp/hard/libc_nano.a(libc_a-memset.o)
                              /Applications/STM32CubeIDE.app/Contents/Eclipse/plugins/com.st.stm32cube.ide.mcu.externaltools.gnu-tools-for-stm32.14.3.rel1.macosaarch64_1.0.0.202602081740/tools/bin/../lib/gcc/arm-none-eabi/14.3.1/../../../../arm-none-eabi/lib/thumb/v7e-m+fp/hard/crt0.o (memset)
/Applications/STM32CubeIDE.app/Contents/Eclipse/plugins/com.st.stm32cube.ide.mcu.externaltools.gnu-tools-for-stm32.14.3.rel1.macosaarch64_1.0.0.202602081740/tools/bin/../lib/gcc/arm-none-eabi/14.3.1/../../../../arm-none-eabi/lib/thumb/v7e-m+fp/hard/libc_nano.a(libc_a-errno.o)
                              ./Core/Src/syscalls.o (__errno)
/Applications/STM32CubeIDE.app/Contents/Eclipse/plugins/com.st.stm32cube.ide.mcu.externaltools.gnu-tools-for-stm32.14.3.rel1.macosaarch64_1.0.0.202602081740/tools/bin/../lib/gcc/arm-none-eabi/14.3.1/../../../../arm-none-eabi/lib/thumb/v7e-m+fp/hard/libc_nano.a(libc_a-init.o)
                              /Applications/STM32CubeIDE.app/Contents/Eclipse/plugins/com.st.stm32cube.ide.mcu.externaltools.gnu-tools-for-stm32.14.3.rel1.macosaarch64_1.0.0.202602081740/tools/bin/../lib/gcc/arm-none-eabi/14.3.1/../../../../arm-none-eabi/lib/thumb/v7e-m+fp/hard/crt0.o (__libc_init_array)
/Applications/STM32CubeIDE.app/Contents/Eclipse/plugins/com.st.stm32cube.ide.mcu.externaltools.gnu-tools-for-stm32.14.3.rel1.macosaarch64_1.0.0.202602081740/tools/bin/../lib/gcc/arm-none-eabi/14.3.1/../../../../arm-none-eabi/lib/thumb/v7e-m+fp/hard/libc_nano.a(libc_a-lock.o)
                              /Applications/STM32CubeIDE.app/Contents/Eclipse/plugins/com.st.stm32cube.ide.mcu.externaltools.gnu-tools-for-stm32.14.3.rel1.macosaarch64_1.0.0.202602081740/tools/bin/../lib/gcc/arm-none-eabi/14.3.1/../../../../arm-none-eabi/lib/thumb/v7e-m+fp/hard/libc_nano.a(libc_a-findfp.o) (__retarget_lock_init_recursive)
/Applications/STM32CubeIDE.app/Contents/Eclipse/plugins/com.st.stm32cube.ide.mcu.externaltools.gnu-tools-for-stm32.14.3.rel1.macosaarch64_1.0.0.202602081740/tools/bin/../lib/gcc/arm-none-eabi/14.3.1/../../../../arm-none-eabi/lib/thumb/v7e-m+fp/hard/libc_nano.a(libc_a-impure.o)
                              /Applications/STM32CubeIDE.app/Contents/Eclipse/plugins/com.st.stm32cube.ide.mcu.externaltools.gnu-tools-for-stm32.14.3.rel1.macosaarch64_1.0.0.202602081740/tools/bin/../lib/gcc/arm-none-eabi/14.3.1/../../../../arm-none-eabi/lib/thumb/v7e-m+fp/hard/libc_nano.a(libc_a-errno.o) (_impure_ptr)
/Applications/STM32CubeIDE.app/Contents/Eclipse/plugins/com.st.stm32cube.ide.mcu.externaltools.gnu-tools-for-stm32.14.3.rel1.macosaarch64_1.0.0.202602081740/tools/bin/../lib/gcc/arm-none-eabi/14.3.1/../../../../arm-none-eabi/lib/thumb/v7e-m+fp/hard/libc_nano.a(libc_a-memcpy-stub.o)
                              ./Core/Src/params.o (memcpy)
[...]
Memory Configuration

Name             Origin             Length             Attributes
RAM              0x20000000         0x00020000         xrw
FLASH            0x08000000         0x00080000         xr
*default*        0x00000000         0xffffffff

Linker script and memory map

LOAD /Applications/STM32CubeIDE.app/Contents/Eclipse/plugins/com.st.stm32cube.ide.mcu.externaltools.gnu-tools-for-stm32.14.3.rel1.macosaarch64_1.0.0.202602081740/tools/bin/../lib/gcc/arm-none-eabi/14.3.1/thumb/v7e-m+fp/hard/crti.o
LOAD /Applications/STM32CubeIDE.app/Contents/Eclipse/plugins/com.st.stm32cube.ide.mcu.externaltools.gnu-tools-for-stm32.14.3.rel1.macosaarch64_1.0.0.202602081740/tools/bin/../lib/gcc/arm-none-eabi/14.3.1/thumb/v7e-m+fp/hard/crtbegin.o
LOAD /Applications/STM32CubeIDE.app/Contents/Eclipse/plugins/com.st.stm32cube.ide.mcu.externaltools.gnu-tools-for-stm32.14.3.rel1.macosaarch64_1.0.0.202602081740/tools/bin/../lib/gcc/arm-none-eabi/14.3.1/../../../../arm-none-eabi/lib/thumb/v7e-m+fp/hard/crt0.o
LOAD ./Core/Src/adc.o
LOAD ./Core/Src/app.o
LOAD ./Core/Src/can_comp.o
LOAD ./Core/Src/dma.o
LOAD ./Core/Src/fdcan.o
LOAD ./Core/Src/gpio.o
LOAD ./Core/Src/iwdg.o
LOAD ./Core/Src/main.o
LOAD ./Core/Src/params.o
LOAD ./Core/Src/pumps.o
LOAD ./Core/Src/sensors.o
LOAD ./Core/Src/stm32g4xx_hal_msp.o
LOAD ./Core/Src/stm32g4xx_hal_timebase_tim.o
LOAD ./Core/Src/stm32g4xx_it.o
LOAD ./Core/Src/syscalls.o
LOAD ./Core/Src/sysmem.o
LOAD ./Core/Src/system_stm32g4xx.o
LOAD ./Core/Src/temp_meas.o
LOAD ./Core/Src/thermal_control.o
LOAD ./Core/Src/tim.o
LOAD ./Core/Src/valves.o
LOAD ./Core/Startup/startup_stm32g474vetx.o
LOAD ./Drivers/STM32G4xx_HAL_Driver/Src/stm32g4xx_hal.o
LOAD ./Drivers/STM32G4xx_HAL_Driver/Src/stm32g4xx_hal_adc.o
LOAD ./Drivers/STM32G4xx_HAL_Driver/Src/stm32g4xx_hal_adc_ex.o
LOAD ./Drivers/STM32G4xx_HAL_Driver/Src/stm32g4xx_hal_cortex.o
LOAD ./Drivers/STM32G4xx_HAL_Driver/Src/stm32g4xx_hal_dma.o
LOAD ./Drivers/STM32G4xx_HAL_Driver/Src/stm32g4xx_hal_dma_ex.o
LOAD ./Drivers/STM32G4xx_HAL_Driver/Src/stm32g4xx_hal_exti.o
LOAD ./Drivers/STM32G4xx_HAL_Driver/Src/stm32g4xx_hal_fdcan.o
LOAD ./Drivers/STM32G4xx_HAL_Driver/Src/stm32g4xx_hal_flash.o
LOAD ./Drivers/STM32G4xx_HAL_Driver/Src/stm32g4xx_hal_flash_ex.o
LOAD ./Drivers/STM32G4xx_HAL_Driver/Src/stm32g4xx_hal_flash_ramfunc.o
LOAD ./Drivers/STM32G4xx_HAL_Driver/Src/stm32g4xx_hal_gpio.o
LOAD ./Drivers/STM32G4xx_HAL_Driver/Src/stm32g4xx_hal_iwdg.o
LOAD ./Drivers/STM32G4xx_HAL_Driver/Src/stm32g4xx_hal_pwr.o
LOAD ./Drivers/STM32G4xx_HAL_Driver/Src/stm32g4xx_hal_pwr_ex.o
LOAD ./Drivers/STM32G4xx_HAL_Driver/Src/stm32g4xx_hal_rcc.o
LOAD ./Drivers/STM32G4xx_HAL_Driver/Src/stm32g4xx_hal_rcc_ex.o
LOAD ./Drivers/STM32G4xx_HAL_Driver/Src/stm32g4xx_hal_tim.o
LOAD ./Drivers/STM32G4xx_HAL_Driver/Src/stm32g4xx_hal_tim_ex.o
LOAD ./Drivers/STM32G4xx_HAL_Driver/Src/stm32g4xx_ll_adc.o
START GROUP
LOAD /Applications/STM32CubeIDE.app/Contents/Eclipse/plugins/com.st.stm32cube.ide.mcu.externaltools.gnu-tools-for-stm32.14.3.rel1.macosaarch64_1.0.0.202602081740/tools/bin/../lib/gcc/arm-none-eabi/14.3.1/../../../../arm-none-eabi/lib/thumb/v7e-m+fp/hard/libc_nano.a
LOAD /Applications/STM32CubeIDE.app/Contents/Eclipse/plugins/com.st.stm32cube.ide.mcu.externaltools.gnu-tools-for-stm32.14.3.rel1.macosaarch64_1.0.0.202602081740/tools/bin/../lib/gcc/arm-none-eabi/14.3.1/../../../../arm-none-eabi/lib/thumb/v7e-m+fp/hard/libm.a
END GROUP
START GROUP
LOAD /Applications/STM32CubeIDE.app/Contents/Eclipse/plugins/com.st.stm32cube.ide.mcu.externaltools.gnu-tools-for-stm32.14.3.rel1.macosaarch64_1.0.0.202602081740/tools/bin/../lib/gcc/arm-none-eabi/14.3.1/thumb/v7e-m+fp/hard/libgcc.a
LOAD /Applications/STM32CubeIDE.app/Contents/Eclipse/plugins/com.st.stm32cube.ide.mcu.externaltools.gnu-tools-for-stm32.14.3.rel1.macosaarch64_1.0.0.202602081740/tools/bin/../lib/gcc/arm-none-eabi/14.3.1/../../../../arm-none-eabi/lib/thumb/v7e-m+fp/hard/libc_nano.a
END GROUP
START GROUP
LOAD /Applications/STM32CubeIDE.app/Contents/Eclipse/plugins/com.st.stm32cube.ide.mcu.externaltools.gnu-tools-for-stm32.14.3.rel1.macosaarch64_1.0.0.202602081740/tools/bin/../lib/gcc/arm-none-eabi/14.3.1/thumb/v7e-m+fp/hard/libgcc.a
LOAD /Applications/STM32CubeIDE.app/Contents/Eclipse/plugins/com.st.stm32cube.ide.mcu.externaltools.gnu-tools-for-stm32.14.3.rel1.macosaarch64_1.0.0.202602081740/tools/bin/../lib/gcc/arm-none-eabi/14.3.1/../../../../arm-none-eabi/lib/thumb/v7e-m+fp/hard/libc_nano.a
LOAD /Applications/STM32CubeIDE.app/Contents/Eclipse/plugins/com.st.stm32cube.ide.mcu.externaltools.gnu-tools-for-stm32.14.3.rel1.macosaarch64_1.0.0.202602081740/tools/bin/../lib/gcc/arm-none-eabi/14.3.1/../../../../arm-none-eabi/lib/thumb/v7e-m+fp/hard/libnosys.a
END GROUP
START GROUP
LOAD /Applications/STM32CubeIDE.app/Contents/Eclipse/plugins/com.st.stm32cube.ide.mcu.externaltools.gnu-tools-for-stm32.14.3.rel1.macosaarch64_1.0.0.202602081740/tools/bin/../lib/gcc/arm-none-eabi/14.3.1/thumb/v7e-m+fp/hard/libgcc.a
LOAD /Applications/STM32CubeIDE.app/Contents/Eclipse/plugins/com.st.stm32cube.ide.mcu.externaltools.gnu-tools-for-stm32.14.3.rel1.macosaarch64_1.0.0.202602081740/tools/bin/../lib/gcc/arm-none-eabi/14.3.1/../../../../arm-none-eabi/lib/thumb/v7e-m+fp/hard/libc_nano.a
LOAD /Applications/STM32CubeIDE.app/Contents/Eclipse/plugins/com.st.stm32cube.ide.mcu.externaltools.gnu-tools-for-stm32.14.3.rel1.macosaarch64_1.0.0.202602081740/tools/bin/../lib/gcc/arm-none-eabi/14.3.1/../../../../arm-none-eabi/lib/thumb/v7e-m+fp/hard/libnosys.a
END GROUP
LOAD /Applications/STM32CubeIDE.app/Contents/Eclipse/plugins/com.st.stm32cube.ide.mcu.externaltools.gnu-tools-for-stm32.14.3.rel1.macosaarch64_1.0.0.202602081740/tools/bin/../lib/gcc/arm-none-eabi/14.3.1/thumb/v7e-m+fp/hard/crtend.o
LOAD /Applications/STM32CubeIDE.app/Contents/Eclipse/plugins/com.st.stm32cube.ide.mcu.externaltools.gnu-tools-for-stm32.14.3.rel1.macosaarch64_1.0.0.202602081740/tools/bin/../lib/gcc/arm-none-eabi/14.3.1/thumb/v7e-m+fp/hard/crtn.o
                0x20020000                        _estack = (ORIGIN (RAM) + LENGTH (RAM))
                0x00000200                        _Min_Heap_Size = 0x200
                0x00000400                        _Min_Stack_Size = 0x400

.isr_vector     0x08000000      0x1d8
                0x08000000                        . = ALIGN (0x4)
 *(.isr_vector)
 .isr_vector    0x08000000      0x1d8 ./Core/Startup/startup_stm32g474vetx.o
                0x08000000                g_pfnVectors
                0x080001d8                        . = ALIGN (0x4)

.text           0x080001d8     0x9680
                0x080001d8                        . = ALIGN (0x4)
 *(.text)
 .text          0x080001d8       0x40 /Applications/STM32CubeIDE.app/Contents/Eclipse/plugins/com.st.stm32cube.ide.mcu.externaltools.gnu-tools-for-stm32.14.3.rel1.macosaarch64_1.0.0.202602081740/tools/bin/../lib/gcc/arm-none-eabi/14.3.1/thumb/v7e-m+fp/hard/crtbegin.o
 *(.text*)
 .text.MX_ADC1_Init
                0x08000218      0x170 ./Core/Src/adc.o
                0x08000218                MX_ADC1_Init
 .text.MX_ADC2_Init
                0x08000388      0x1c0 ./Core/Src/adc.o
                0x08000388                MX_ADC2_Init
 .text.HAL_ADC_MspInit
                0x08000548      0x270 ./Core/Src/adc.o
                0x08000548                HAL_ADC_MspInit
 .text.Ms1Task  0x080007b8        0xc ./Core/Src/app.o
 .text.Ms10Task
                0x080007c4       0xe8 ./Core/Src/app.o
 .text.Ms100Task
                0x080008ac       0x34 ./Core/Src/app.o
 .text.Ms200Task
                0x080008e0       0x18 ./Core/Src/app.o
 .text.HAL_TIM_PeriodElapsedCallback
                0x080008f8       0x98 ./Core/Src/app.o
                0x080008f8                HAL_TIM_PeriodElapsedCallback
 .text.HAL_GPIO_EXTI_Callback
                0x08000990       0x1e ./Core/Src/app.o
                0x08000990                HAL_GPIO_EXTI_Callback
 *fill*         0x080009ae        0x2 
 .text.HAL_TIM_IC_CaptureCallback
                0x080009b0       0x24 ./Core/Src/app.o
                0x080009b0                HAL_TIM_IC_CaptureCallback
 .text.HAL_FDCAN_RxFifo0Callback
                0x080009d4       0x18 ./Core/Src/app.o
                0x080009d4                HAL_FDCAN_RxFifo0Callback
 .text.App_Init
                0x080009ec       0x88 ./Core/Src/app.o
                0x080009ec                App_Init
 .text.lowByte  0x08000a74       0x18 ./Core/Src/can_comp.o
 .text.highByte
                0x08000a8c       0x1a ./Core/Src/can_comp.o
 *fill*         0x08000aa6        0x2 
 .text._send    0x08000aa8       0x58 ./Core/Src/can_comp.o
 .text.CanComp_Init
                0x08000b00       0x64 ./Core/Src/can_comp.o
                0x08000b00                CanComp_Init
 .text.CanComp_Update
                0x08000b64      0x358 ./Core/Src/can_comp.o
                0x08000b64                CanComp_Update
 .text.CanComp_SetDuty
                0x08000ebc       0x38 ./Core/Src/can_comp.o
                0x08000ebc                CanComp_SetDuty
 .text.CanComp_GetDuty
                0x08000ef4       0x12 ./Core/Src/can_comp.o
                0x08000ef4                CanComp_GetDuty
 *fill*         0x08000f06        0x2 
 .text.CanComp_RxCallback
                0x08000f08      0x180 ./Core/Src/can_comp.o
                0x08000f08                CanComp_RxCallback
 .text.MX_DMA_Init
                0x08001088       0x64 ./Core/Src/dma.o
                0x08001088                MX_DMA_Init
 .text.MX_FDCAN1_Init
                0x080010ec       0x8c ./Core/Src/fdcan.o
                0x080010ec                MX_FDCAN1_Init
 .text.HAL_FDCAN_MspInit
                0x08001178       0xc4 ./Core/Src/fdcan.o
                0x08001178                HAL_FDCAN_MspInit
 .text.MX_GPIO_Init
                0x0800123c      0x2a8 ./Core/Src/gpio.o
                0x0800123c                MX_GPIO_Init
 .text.MX_IWDG_Init
                0x080014e4       0x3c ./Core/Src/iwdg.o
                0x080014e4                MX_IWDG_Init
 .text.main     0x08001520       0x3c ./Core/Src/main.o
                0x08001520                main
 .text.SystemClock_Config
                0x0800155c       0x96 ./Core/Src/main.o
                0x0800155c                SystemClock_Config
 .text.Error_Handler
                0x080015f2        0xc ./Core/Src/main.o
                0x080015f2                Error_Handler
 *fill*         0x080015fe        0x2 
 .text._crc32   0x08001600       0x70 ./Core/Src/params.o
 .text.Params_Init
                0x08001670       0x4c ./Core/Src/params.o
                0x08001670                Params_Init
 .text.Params_Load
                0x080016bc       0x5c ./Core/Src/params.o
                0x080016bc                Params_Load
 .text._dispIdx
                0x08001718       0x1c ./Core/Src/params.o
 .text.Params_SetInt
                0x08001734       0x54 ./Core/Src/params.o
                0x08001734                Params_SetInt
 .text.Params_SetFloat
                0x08001788       0x58 ./Core/Src/params.o
                0x08001788                Params_SetFloat
 .text.Params_GetInt
                0x080017e0       0x54 ./Core/Src/params.o
                0x080017e0                Params_GetInt
 .text.Params_GetFloat
                0x08001834       0x5c ./Core/Src/params.o
                0x08001834                Params_GetFloat
 .text.Params_GetBool
                0x08001890       0x26 ./Core/Src/params.o
                0x08001890                Params_GetBool
 *fill*         0x080018b6        0x2 
 .text.Pumps_Init
                0x080018b8       0x48 ./Core/Src/pumps.o
                0x080018b8                Pumps_Init
 .text._setPumpDuty
                0x08001900       0xd0 ./Core/Src/pumps.o
 .text.Pumps_BatterySetDuty
                0x080019d0       0x28 ./Core/Src/pumps.o
                0x080019d0                Pumps_BatterySetDuty
 .text.Pumps_PowertrainSetDuty
                0x080019f8       0x28 ./Core/Src/pumps.o
                0x080019f8                Pumps_PowertrainSetDuty
 .text.Pumps_BatteryGetFlow
                0x08001a20       0x44 ./Core/Src/pumps.o
                0x08001a20                Pumps_BatteryGetFlow
 .text.Pumps_PowertrainGetFlow
                0x08001a64       0x44 ./Core/Src/pumps.o
                0x08001a64                Pumps_PowertrainGetFlow
 .text.Pumps_TIM4_CaptureISR
                0x08001aa8       0xb0 ./Core/Src/pumps.o
                0x08001aa8                Pumps_TIM4_CaptureISR
 .text.ewma     0x08001b58       0x60 ./Core/Src/sensors.o
 .text.Sensors_Init
                0x08001bb8       0x4c ./Core/Src/sensors.o
                0x08001bb8                Sensors_Init
 .text._rawToSensorVoltage
                0x08001c04       0x50 ./Core/Src/sensors.o
 .text._ptPressureBar
                0x08001c54       0x8c ./Core/Src/sensors.o
 .text._ptTempC
                0x08001ce0       0x80 ./Core/Src/sensors.o
 .text._coolantLevel
                0x08001d60       0x80 ./Core/Src/sensors.o
 .text.Sensors_Update
                0x08001de0      0x1e0 ./Core/Src/sensors.o
                0x08001de0                Sensors_Update
 .text.Sensors_GetUaux
                0x08001fc0       0x30 ./Core/Src/sensors.o
                0x08001fc0                Sensors_GetUaux
 .text.HAL_MspInit
                0x08001ff0       0x48 ./Core/Src/stm32g4xx_hal_msp.o
                0x08001ff0                HAL_MspInit
 .text.HAL_InitTick
                0x08002038       0xd8 ./Core/Src/stm32g4xx_hal_timebase_tim.o
                0x08002038                HAL_InitTick
 .text.NMI_Handler
                0x08002110        0x8 ./Core/Src/stm32g4xx_it.o
                0x08002110                NMI_Handler
 .text.HardFault_Handler
                0x08002118        0x8 ./Core/Src/stm32g4xx_it.o
                0x08002118                HardFault_Handler
 .text.MemManage_Handler
                0x08002120        0x8 ./Core/Src/stm32g4xx_it.o
                0x08002120                MemManage_Handler
 .text.BusFault_Handler
                0x08002128        0x8 ./Core/Src/stm32g4xx_it.o
                0x08002128                BusFault_Handler
 .text.UsageFault_Handler
                0x08002130        0x8 ./Core/Src/stm32g4xx_it.o
                0x08002130                UsageFault_Handler
 .text.SVC_Handler
                0x08002138        0xe ./Core/Src/stm32g4xx_it.o
                0x08002138                SVC_Handler
 .text.DebugMon_Handler
                0x08002146        0xe ./Core/Src/stm32g4xx_it.o
                0x08002146                DebugMon_Handler
 .text.PendSV_Handler
                0x08002154        0xe ./Core/Src/stm32g4xx_it.o
                0x08002154                PendSV_Handler
 .text.SysTick_Handler
                0x08002162        0xe ./Core/Src/stm32g4xx_it.o
                0x08002162                SysTick_Handler
 .text.DMA1_Channel1_IRQHandler
                0x08002170       0x14 ./Core/Src/stm32g4xx_it.o
                0x08002170                DMA1_Channel1_IRQHandler
 .text.DMA1_Channel2_IRQHandler
                0x08002184       0x14 ./Core/Src/stm32g4xx_it.o
                0x08002184                DMA1_Channel2_IRQHandler
 .text.FDCAN1_IT0_IRQHandler
                0x08002198       0x14 ./Core/Src/stm32g4xx_it.o
                0x08002198                FDCAN1_IT0_IRQHandler
 .text.TIM4_IRQHandler
                0x080021ac       0x14 ./Core/Src/stm32g4xx_it.o
                0x080021ac                TIM4_IRQHandler
 .text.EXTI15_10_IRQHandler
                0x080021c0       0x10 ./Core/Src/stm32g4xx_it.o
                0x080021c0                EXTI15_10_IRQHandler
 .text.TIM8_UP_IRQHandler
                0x080021d0       0x14 ./Core/Src/stm32g4xx_it.o
                0x080021d0                TIM8_UP_IRQHandler
 .text.TIM6_DAC_IRQHandler
                0x080021e4       0x14 ./Core/Src/stm32g4xx_it.o
                0x080021e4                TIM6_DAC_IRQHandler
 .text.TIM7_DAC_IRQHandler
                0x080021f8       0x14 ./Core/Src/stm32g4xx_it.o
                0x080021f8                TIM7_DAC_IRQHandler
 .text.SystemInit
                0x0800220c       0x24 ./Core/Src/system_stm32g4xx.o
                0x0800220c                SystemInit
 .text.TempMeas_Lookup
                0x08002230       0xc4 ./Core/Src/temp_meas.o
                0x08002230                TempMeas_Lookup
 .text._clampf  0x080022f4       0x52 ./Core/Src/thermal_control.o
 .text._clampi  0x08002346       0x2e ./Core/Src/thermal_control.o
 .text._linearMap
                0x08002374       0x50 ./Core/Src/thermal_control.o
 .text._assessDemands
                0x080023c4      0x11e ./Core/Src/thermal_control.o
 .text._getSourcesSinks
                0x080024e2       0xbc ./Core/Src/thermal_control.o
 *fill*         0x0800259e        0x2 
 .text._selectBestSource
                0x080025a0       0xb4 ./Core/Src/thermal_control.o
 .text._selectBestSink
                0x08002654       0xa0 ./Core/Src/thermal_control.o
 .text._runPiControl
                0x080026f4      0x248 ./Core/Src/thermal_control.o
 .text._adjustCondenserSplit
                0x0800293c       0x9e ./Core/Src/thermal_control.o
 .text._adjustEvaporatorSplit
                0x080029da       0x9e ./Core/Src/thermal_control.o
 .text.thermalControl
                0x08002a78      0x3e8 ./Core/Src/thermal_control.o
                0x08002a78                thermalControl
 .text.MX_TIM2_Init
                0x08002e60       0xb4 ./Core/Src/tim.o
                0x08002e60                MX_TIM2_Init
 .text.MX_TIM4_Init
                0x08002f14      0x12c ./Core/Src/tim.o
                0x08002f14                MX_TIM4_Init
 .text.MX_TIM6_Init
                0x08003040       0x6c ./Core/Src/tim.o
                0x08003040                MX_TIM6_Init
 .text.MX_TIM7_Init
                0x080030ac       0x6c ./Core/Src/tim.o
                0x080030ac                MX_TIM7_Init
 .text.HAL_TIM_PWM_MspInit
                0x08003118       0xbc ./Core/Src/tim.o
                0x08003118                HAL_TIM_PWM_MspInit
 .text.HAL_TIM_Base_MspInit
                0x080031d4       0x84 ./Core/Src/tim.o
                0x080031d4                HAL_TIM_Base_MspInit
 .text.HAL_TIM_MspPostInit
                0x08003258       0xbc ./Core/Src/tim.o
                0x08003258                HAL_TIM_MspPostInit
 .text._exvStep
                0x08003314       0x38 ./Core/Src/valves.o
 .text._exvDir  0x0800334c       0x38 ./Core/Src/valves.o
 .text._exvEnable
                0x08003384       0x3c ./Core/Src/valves.o
 .text.Valve_ExpansionRunSteps
                0x080033c0       0xbc ./Core/Src/valves.o
                0x080033c0                Valve_ExpansionRunSteps
 .text.Valve_ExpansionSetPos
                0x0800347c       0xe0 ./Core/Src/valves.o
                0x0800347c                Valve_ExpansionSetPos
 .text.Valve_ExpansionCalibrateAll
                0x0800355c       0x70 ./Core/Src/valves.o
                0x0800355c                Valve_ExpansionCalibrateAll
 .text.Valve_CoolantCondensorOpen
                0x080035cc       0x24 ./Core/Src/valves.o
                0x080035cc                Valve_CoolantCondensorOpen
 .text.Valve_CoolantCondensorClose
                0x080035f0       0x24 ./Core/Src/valves.o
                0x080035f0                Valve_CoolantCondensorClose
 .text.Valve_OctoISR
                0x08003614       0x34 ./Core/Src/valves.o
                0x08003614                Valve_OctoISR
 .text.Valve_OctoSetPos
                0x08003648       0x4c ./Core/Src/valves.o
                0x08003648                Valve_OctoSetPos
 .text.Valve_OctoGetPos
                0x08003694       0x18 ./Core/Src/valves.o
                0x08003694                Valve_OctoGetPos
 .text.Valve_OctoRunTask
                0x080036ac      0x228 ./Core/Src/valves.o
                0x080036ac                Valve_OctoRunTask
 .text.Valve_OctoCalibrate
                0x080038d4       0x60 ./Core/Src/valves.o
                0x080038d4                Valve_OctoCalibrate
 .text.Reset_Handler
                0x08003934       0x50 ./Core/Startup/startup_stm32g474vetx.o
                0x08003934                Reset_Handler
 .text.Default_Handler
                0x08003984        0x2 ./Core/Startup/startup_stm32g474vetx.o
                0x08003984                TIM1_BRK_TIM15_IRQHandler
                0x08003984                EXTI2_IRQHandler
                0x08003984                TIM8_TRG_COM_IRQHandler
                0x08003984                TIM8_CC_IRQHandler
                0x08003984                HRTIM1_Master_IRQHandler
                0x08003984                SPI4_IRQHandler
                0x08003984                FDCAN3_IT0_IRQHandler
                0x08003984                TIM1_CC_IRQHandler
                0x08003984                HRTIM1_FLT_IRQHandler
                0x08003984                HRTIM1_TIMF_IRQHandler
                0x08003984                USB_HP_IRQHandler
                0x08003984                CORDIC_IRQHandler
                0x08003984                HRTIM1_TIMD_IRQHandler
                0x08003984                DMA2_Channel8_IRQHandler
                0x08003984                EXTI3_IRQHandler
                0x08003984                I2C3_ER_IRQHandler
                0x08003984                EXTI0_IRQHandler
                0x08003984                I2C2_EV_IRQHandler
                0x08003984                FPU_IRQHandler
                0x08003984                FDCAN1_IT1_IRQHandler
                0x08003984                TIM1_UP_TIM16_IRQHandler
                0x08003984                ADC1_2_IRQHandler
                0x08003984                HRTIM1_TIME_IRQHandler
                0x08003984                SPI1_IRQHandler
                0x08003984                HRTIM1_TIMC_IRQHandler
                0x08003984                DMA2_Channel2_IRQHandler
                0x08003984                DMA1_Channel4_IRQHandler
                0x08003984                TIM20_TRG_COM_IRQHandler
                0x08003984                USART3_IRQHandler
                0x08003984                DMA1_Channel7_IRQHandler
                0x08003984                UART5_IRQHandler
                0x08003984                ADC3_IRQHandler
                0x08003984                DMA2_Channel1_IRQHandler
                0x08003984                QUADSPI_IRQHandler
                0x08003984                I2C1_EV_IRQHandler
                0x08003984                DMA1_Channel6_IRQHandler
                0x08003984                UART4_IRQHandler
                0x08003984                DMA2_Channel4_IRQHandler
                0x08003984                TIM3_IRQHandler
                0x08003984                RCC_IRQHandler
                0x08003984                TIM20_UP_IRQHandler
                0x08003984                Default_Handler
                0x08003984                DMA2_Channel7_IRQHandler
                0x08003984                RTC_TAMP_LSECSS_IRQHandler
                0x08003984                FMAC_IRQHandler
                0x08003984                DMA1_Channel8_IRQHandler
                0x08003984                HRTIM1_TIMA_IRQHandler
                0x08003984                FDCAN3_IT1_IRQHandler
                0x08003984                TIM5_IRQHandler
                0x08003984                UCPD1_IRQHandler
                0x08003984                I2C3_EV_IRQHandler
                0x08003984                EXTI9_5_IRQHandler
                0x08003984                RTC_WKUP_IRQHandler
                0x08003984                PVD_PVM_IRQHandler
                0x08003984                SPI2_IRQHandler
                0x08003984                ADC5_IRQHandler
                0x08003984                DMA2_Channel5_IRQHandler
                0x08003984                CRS_IRQHandler
                0x08003984                DMA1_Channel5_IRQHandler
                0x08003984                USB_LP_IRQHandler
                0x08003984                EXTI4_IRQHandler
                0x08003984                RNG_IRQHandler
                0x08003984                HRTIM1_TIMB_IRQHandler
                0x08003984                TIM1_TRG_COM_TIM17_IRQHandler
                0x08003984                FDCAN2_IT1_IRQHandler
                0x08003984                DMA1_Channel3_IRQHandler
                0x08003984                ADC4_IRQHandler
                0x08003984                WWDG_IRQHandler
                0x08003984                I2C4_EV_IRQHandler
                0x08003984                FDCAN2_IT0_IRQHandler
                0x08003984                LPUART1_IRQHandler
                0x08003984                DMA2_Channel6_IRQHandler
                0x08003984                TIM2_IRQHandler
                0x08003984                COMP7_IRQHandler
                0x08003984                COMP1_2_3_IRQHandler
                0x08003984                EXTI1_IRQHandler
                0x08003984                USART2_IRQHandler
                0x08003984                COMP4_5_6_IRQHandler
                0x08003984                TIM20_BRK_IRQHandler
                0x08003984                I2C2_ER_IRQHandler
                0x08003984                TIM8_BRK_IRQHandler
                0x08003984                FLASH_IRQHandler
                0x08003984                TIM20_CC_IRQHandler
                0x08003984                USART1_IRQHandler
                0x08003984                SPI3_IRQHandler
                0x08003984                I2C1_ER_IRQHandler
                0x08003984                FMC_IRQHandler
                0x08003984                LPTIM1_IRQHandler
                0x08003984                DMAMUX_OVR_IRQHandler
                0x08003984                I2C4_ER_IRQHandler
                0x08003984                USBWakeUp_IRQHandler
                0x08003984                SAI1_IRQHandler
                0x08003984                DMA2_Channel3_IRQHandler
                0x08003984                RTC_Alarm_IRQHandler
 .text.HAL_Init
                0x08003986       0x30 ./Drivers/STM32G4xx_HAL_Driver/Src/stm32g4xx_hal.o
                0x08003986                HAL_Init
 *fill*         0x080039b6        0x2 
 .text.HAL_IncTick
                0x080039b8       0x24 ./Drivers/STM32G4xx_HAL_Driver/Src/stm32g4xx_hal.o
                0x080039b8                HAL_IncTick
 .text.HAL_GetTick
                0x080039dc       0x18 ./Drivers/STM32G4xx_HAL_Driver/Src/stm32g4xx_hal.o
                0x080039dc                HAL_GetTick
 .text.HAL_Delay
                0x080039f4       0x44 ./Drivers/STM32G4xx_HAL_Driver/Src/stm32g4xx_hal.o
                0x080039f4                HAL_Delay
 .text.LL_ADC_SetCommonClock
                0x08003a38       0x26 ./Drivers/STM32G4xx_HAL_Driver/Src/stm32g4xx_hal_adc.o
 .text.LL_ADC_SetCommonPathInternalCh
                0x08003a5e       0x26 ./Drivers/STM32G4xx_HAL_Driver/Src/stm32g4xx_hal_adc.o
 .text.LL_ADC_GetCommonPathInternalCh
                0x08003a84       0x1c ./Drivers/STM32G4xx_HAL_Driver/Src/stm32g4xx_hal_adc.o
 .text.LL_ADC_SetOffset
                0x08003aa0       0x48 ./Drivers/STM32G4xx_HAL_Driver/Src/stm32g4xx_hal_adc.o
 .text.LL_ADC_GetOffsetChannel
                0x08003ae8       0x2c ./Drivers/STM32G4xx_HAL_Driver/Src/stm32g4xx_hal_adc.o
 .text.LL_ADC_SetOffsetState
                0x08003b14       0x36 ./Drivers/STM32G4xx_HAL_Driver/Src/stm32g4xx_hal_adc.o
 .text.LL_ADC_SetOffsetSign
                0x08003b4a       0x36 ./Drivers/STM32G4xx_HAL_Driver/Src/stm32g4xx_hal_adc.o
 .text.LL_ADC_SetOffsetSaturation
                0x08003b80       0x36 ./Drivers/STM32G4xx_HAL_Driver/Src/stm32g4xx_hal_adc.o
 .text.LL_ADC_SetSamplingTimeCommonConfig
                0x08003bb6       0x26 ./Drivers/STM32G4xx_HAL_Driver/Src/stm32g4xx_hal_adc.o
 .text.LL_ADC_REG_IsTriggerSourceSWStart
                0x08003bdc       0x26 ./Drivers/STM32G4xx_HAL_Driver/Src/stm32g4xx_hal_adc.o
 .text.LL_ADC_REG_SetSequencerRanks
                0x08003c02       0x58 ./Drivers/STM32G4xx_HAL_Driver/Src/stm32g4xx_hal_adc.o
 .text.LL_ADC_SetChannelSamplingTime
                0x08003c5a       0x56 ./Drivers/STM32G4xx_HAL_Driver/Src/stm32g4xx_hal_adc.o
 .text.LL_ADC_SetChannelSingleDiff
                0x08003cb0       0x48 ./Drivers/STM32G4xx_HAL_Driver/Src/stm32g4xx_hal_adc.o
 .text.LL_ADC_GetMultimode
                0x08003cf8       0x1c ./Drivers/STM32G4xx_HAL_Driver/Src/stm32g4xx_hal_adc.o
 .text.LL_ADC_DisableDeepPowerDown
                0x08003d14       0x24 ./Drivers/STM32G4xx_HAL_Driver/Src/stm32g4xx_hal_adc.o
 .text.LL_ADC_IsDeepPowerDownEnabled
                0x08003d38       0x28 ./Drivers/STM32G4xx_HAL_Driver/Src/stm32g4xx_hal_adc.o
 .text.LL_ADC_EnableInternalRegulator
                0x08003d60       0x28 ./Drivers/STM32G4xx_HAL_Driver/Src/stm32g4xx_hal_adc.o
 .text.LL_ADC_IsInternalRegulatorEnabled
                0x08003d88       0x28 ./Drivers/STM32G4xx_HAL_Driver/Src/stm32g4xx_hal_adc.o
 .text.LL_ADC_Enable
                0x08003db0       0x28 ./Drivers/STM32G4xx_HAL_Driver/Src/stm32g4xx_hal_adc.o
 .text.LL_ADC_Disable
                0x08003dd8       0x28 ./Drivers/STM32G4xx_HAL_Driver/Src/stm32g4xx_hal_adc.o
 .text.LL_ADC_IsEnabled
                0x08003e00       0x26 ./Drivers/STM32G4xx_HAL_Driver/Src/stm32g4xx_hal_adc.o
 .text.LL_ADC_IsDisableOngoing
                0x08003e26       0x26 ./Drivers/STM32G4xx_HAL_Driver/Src/stm32g4xx_hal_adc.o
 .text.LL_ADC_REG_StartConversion
                0x08003e4c       0x28 ./Drivers/STM32G4xx_HAL_Driver/Src/stm32g4xx_hal_adc.o
 .text.LL_ADC_REG_IsConversionOngoing
                0x08003e74       0x26 ./Drivers/STM32G4xx_HAL_Driver/Src/stm32g4xx_hal_adc.o
 .text.LL_ADC_INJ_IsConversionOngoing
                0x08003e9a       0x26 ./Drivers/STM32G4xx_HAL_Driver/Src/stm32g4xx_hal_adc.o
 .text.HAL_ADC_Init
                0x08003ec0      0x378 ./Drivers/STM32G4xx_HAL_Driver/Src/stm32g4xx_hal_adc.o
                0x08003ec0                HAL_ADC_Init
 .text.HAL_ADC_Start_DMA
                0x08004238      0x1a8 ./Drivers/STM32G4xx_HAL_Driver/Src/stm32g4xx_hal_adc.o
                0x08004238                HAL_ADC_Start_DMA
 .text.HAL_ADC_ConvCpltCallback
                0x080043e0       0x14 ./Drivers/STM32G4xx_HAL_Driver/Src/stm32g4xx_hal_adc.o
                0x080043e0                HAL_ADC_ConvCpltCallback
 .text.HAL_ADC_ConvHalfCpltCallback
                0x080043f4       0x14 ./Drivers/STM32G4xx_HAL_Driver/Src/stm32g4xx_hal_adc.o
                0x080043f4                HAL_ADC_ConvHalfCpltCallback
 .text.HAL_ADC_ErrorCallback
                0x08004408       0x14 ./Drivers/STM32G4xx_HAL_Driver/Src/stm32g4xx_hal_adc.o
                0x08004408                HAL_ADC_ErrorCallback
 .text.HAL_ADC_ConfigChannel
                0x0800441c      0x880 ./Drivers/STM32G4xx_HAL_Driver/Src/stm32g4xx_hal_adc.o
                0x0800441c                HAL_ADC_ConfigChannel
 .text.ADC_Enable
                0x08004c9c      0x12c ./Drivers/STM32G4xx_HAL_Driver/Src/stm32g4xx_hal_adc.o
                0x08004c9c                ADC_Enable
 .text.ADC_Disable
                0x08004dc8       0xbe ./Drivers/STM32G4xx_HAL_Driver/Src/stm32g4xx_hal_adc.o
                0x08004dc8                ADC_Disable
 .text.ADC_DMAConvCplt
                0x08004e86       0xd8 ./Drivers/STM32G4xx_HAL_Driver/Src/stm32g4xx_hal_adc.o
                0x08004e86                ADC_DMAConvCplt
 .text.ADC_DMAHalfConvCplt
                0x08004f5e       0x1c ./Drivers/STM32G4xx_HAL_Driver/Src/stm32g4xx_hal_adc.o
                0x08004f5e                ADC_DMAHalfConvCplt
 .text.ADC_DMAError
                0x08004f7a       0x34 ./Drivers/STM32G4xx_HAL_Driver/Src/stm32g4xx_hal_adc.o
                0x08004f7a                ADC_DMAError
 .text.LL_ADC_IsEnabled
                0x08004fae       0x26 ./Drivers/STM32G4xx_HAL_Driver/Src/stm32g4xx_hal_adc_ex.o
 .text.LL_ADC_StartCalibration
                0x08004fd4       0x32 ./Drivers/STM32G4xx_HAL_Driver/Src/stm32g4xx_hal_adc_ex.o
 .text.LL_ADC_IsCalibrationOnGoing
                0x08005006       0x28 ./Drivers/STM32G4xx_HAL_Driver/Src/stm32g4xx_hal_adc_ex.o
 .text.LL_ADC_REG_IsConversionOngoing
                0x0800502e       0x26 ./Drivers/STM32G4xx_HAL_Driver/Src/stm32g4xx_hal_adc_ex.o
 .text.HAL_ADCEx_Calibration_Start
                0x08005054       0xc4 ./Drivers/STM32G4xx_HAL_Driver/Src/stm32g4xx_hal_adc_ex.o
                0x08005054                HAL_ADCEx_Calibration_Start
 .text.HAL_ADCEx_MultiModeConfigChannel
                0x08005118      0x210 ./Drivers/STM32G4xx_HAL_Driver/Src/stm32g4xx_hal_adc_ex.o
                0x08005118                HAL_ADCEx_MultiModeConfigChannel
 .text.__NVIC_SetPriorityGrouping
                0x08005328       0x48 ./Drivers/STM32G4xx_HAL_Driver/Src/stm32g4xx_hal_cortex.o
 .text.__NVIC_GetPriorityGrouping
                0x08005370       0x1c ./Drivers/STM32G4xx_HAL_Driver/Src/stm32g4xx_hal_cortex.o
 .text.__NVIC_EnableIRQ
                0x0800538c       0x3c ./Drivers/STM32G4xx_HAL_Driver/Src/stm32g4xx_hal_cortex.o
 .text.__NVIC_SetPriority
                0x080053c8       0x54 ./Drivers/STM32G4xx_HAL_Driver/Src/stm32g4xx_hal_cortex.o
 .text.NVIC_EncodePriority
                0x0800541c       0x66 ./Drivers/STM32G4xx_HAL_Driver/Src/stm32g4xx_hal_cortex.o
 .text.HAL_NVIC_SetPriorityGrouping
                0x08005482       0x16 ./Drivers/STM32G4xx_HAL_Driver/Src/stm32g4xx_hal_cortex.o
                0x08005482                HAL_NVIC_SetPriorityGrouping
 .text.HAL_NVIC_SetPriority
                0x08005498       0x34 ./Drivers/STM32G4xx_HAL_Driver/Src/stm32g4xx_hal_cortex.o
                0x08005498                HAL_NVIC_SetPriority
 .text.HAL_NVIC_EnableIRQ
                0x080054cc       0x1c ./Drivers/STM32G4xx_HAL_Driver/Src/stm32g4xx_hal_cortex.o
                0x080054cc                HAL_NVIC_EnableIRQ
 .text.HAL_DMA_Init
                0x080054e8      0x150 ./Drivers/STM32G4xx_HAL_Driver/Src/stm32g4xx_hal_dma.o
                0x080054e8                HAL_DMA_Init
 .text.HAL_DMA_Start_IT
                0x08005638       0xf6 ./Drivers/STM32G4xx_HAL_Driver/Src/stm32g4xx_hal_dma.o
                0x08005638                HAL_DMA_Start_IT
 .text.HAL_DMA_IRQHandler
                0x0800572e      0x15e ./Drivers/STM32G4xx_HAL_Driver/Src/stm32g4xx_hal_dma.o
                0x0800572e                HAL_DMA_IRQHandler
 .text.DMA_SetConfig
                0x0800588c       0x7c ./Drivers/STM32G4xx_HAL_Driver/Src/stm32g4xx_hal_dma.o
 .text.DMA_CalcDMAMUXChannelBaseAndMask
                0x08005908       0x90 ./Drivers/STM32G4xx_HAL_Driver/Src/stm32g4xx_hal_dma.o
 .text.DMA_CalcDMAMUXRequestGenBaseAndMask
                0x08005998       0x4c ./Drivers/STM32G4xx_HAL_Driver/Src/stm32g4xx_hal_dma.o
 .text.HAL_FDCAN_Init
                0x080059e4      0x2b4 ./Drivers/STM32G4xx_HAL_Driver/Src/stm32g4xx_hal_fdcan.o
                0x080059e4                HAL_FDCAN_Init
 .text.HAL_FDCAN_ConfigFilter
                0x08005c98       0xb4 ./Drivers/STM32G4xx_HAL_Driver/Src/stm32g4xx_hal_fdcan.o
                0x08005c98                HAL_FDCAN_ConfigFilter
 .text.HAL_FDCAN_Start
                0x08005d4c       0x50 ./Drivers/STM32G4xx_HAL_Driver/Src/stm32g4xx_hal_fdcan.o
                0x08005d4c                HAL_FDCAN_Start
 .text.HAL_FDCAN_AddMessageToTxFifoQ
                0x08005d9c       0x88 ./Drivers/STM32G4xx_HAL_Driver/Src/stm32g4xx_hal_fdcan.o
                0x08005d9c                HAL_FDCAN_AddMessageToTxFifoQ
 .text.HAL_FDCAN_GetRxMessage
                0x08005e24      0x210 ./Drivers/STM32G4xx_HAL_Driver/Src/stm32g4xx_hal_fdcan.o
                0x08005e24                HAL_FDCAN_GetRxMessage
 .text.HAL_FDCAN_ActivateNotification
                0x08006034      0x1cc ./Drivers/STM32G4xx_HAL_Driver/Src/stm32g4xx_hal_fdcan.o
                0x08006034                HAL_FDCAN_ActivateNotification
 .text.HAL_FDCAN_IRQHandler
                0x08006200      0x266 ./Drivers/STM32G4xx_HAL_Driver/Src/stm32g4xx_hal_fdcan.o
                0x08006200                HAL_FDCAN_IRQHandler
 .text.HAL_FDCAN_TxEventFifoCallback
                0x08006466       0x16 ./Drivers/STM32G4xx_HAL_Driver/Src/stm32g4xx_hal_fdcan.o
                0x08006466                HAL_FDCAN_TxEventFifoCallback
 .text.HAL_FDCAN_RxFifo1Callback
                0x0800647c       0x16 ./Drivers/STM32G4xx_HAL_Driver/Src/stm32g4xx_hal_fdcan.o
                0x0800647c                HAL_FDCAN_RxFifo1Callback
 .text.HAL_FDCAN_TxFifoEmptyCallback
                0x08006492       0x14 ./Drivers/STM32G4xx_HAL_Driver/Src/stm32g4xx_hal_fdcan.o
                0x08006492                HAL_FDCAN_TxFifoEmptyCallback
 .text.HAL_FDCAN_TxBufferCompleteCallback
                0x080064a6       0x16 ./Drivers/STM32G4xx_HAL_Driver/Src/stm32g4xx_hal_fdcan.o
                0x080064a6                HAL_FDCAN_TxBufferCompleteCallback
 .text.HAL_FDCAN_TxBufferAbortCallback
                0x080064bc       0x16 ./Drivers/STM32G4xx_HAL_Driver/Src/stm32g4xx_hal_fdcan.o
                0x080064bc                HAL_FDCAN_TxBufferAbortCallback
 .text.HAL_FDCAN_TimestampWraparoundCallback
                0x080064d2       0x14 ./Drivers/STM32G4xx_HAL_Driver/Src/stm32g4xx_hal_fdcan.o
                0x080064d2                HAL_FDCAN_TimestampWraparoundCallback
 .text.HAL_FDCAN_TimeoutOccurredCallback
                0x080064e6       0x14 ./Drivers/STM32G4xx_HAL_Driver/Src/stm32g4xx_hal_fdcan.o
                0x080064e6                HAL_FDCAN_TimeoutOccurredCallback
 .text.HAL_FDCAN_HighPriorityMessageCallback
                0x080064fa       0x14 ./Drivers/STM32G4xx_HAL_Driver/Src/stm32g4xx_hal_fdcan.o
                0x080064fa                HAL_FDCAN_HighPriorityMessageCallback
 .text.HAL_FDCAN_ErrorCallback
                0x0800650e       0x14 ./Drivers/STM32G4xx_HAL_Driver/Src/stm32g4xx_hal_fdcan.o
                0x0800650e                HAL_FDCAN_ErrorCallback
 .text.HAL_FDCAN_ErrorStatusCallback
                0x08006522       0x16 ./Drivers/STM32G4xx_HAL_Driver/Src/stm32g4xx_hal_fdcan.o
                0x08006522                HAL_FDCAN_ErrorStatusCallback
 .text.FDCAN_CalcultateRamBlockAddresses
                0x08006538       0xd8 ./Drivers/STM32G4xx_HAL_Driver/Src/stm32g4xx_hal_fdcan.o
 .text.FDCAN_CopyMessageToRAM
                0x08006610       0xf8 ./Drivers/STM32G4xx_HAL_Driver/Src/stm32g4xx_hal_fdcan.o
 .text.HAL_GPIO_Init
                0x08006708      0x318 ./Drivers/STM32G4xx_HAL_Driver/Src/stm32g4xx_hal_gpio.o
                0x08006708                HAL_GPIO_Init
 .text.HAL_GPIO_ReadPin
                0x08006a20       0x30 ./Drivers/STM32G4xx_HAL_Driver/Src/stm32g4xx_hal_gpio.o
                0x08006a20                HAL_GPIO_ReadPin
 .text.HAL_GPIO_WritePin
                0x08006a50       0x30 ./Drivers/STM32G4xx_HAL_Driver/Src/stm32g4xx_hal_gpio.o
                0x08006a50                HAL_GPIO_WritePin
 .text.HAL_GPIO_TogglePin
                0x08006a80       0x34 ./Drivers/STM32G4xx_HAL_Driver/Src/stm32g4xx_hal_gpio.o
                0x08006a80                HAL_GPIO_TogglePin
 .text.HAL_GPIO_EXTI_IRQHandler
                0x08006ab4       0x30 ./Drivers/STM32G4xx_HAL_Driver/Src/stm32g4xx_hal_gpio.o
                0x08006ab4                HAL_GPIO_EXTI_IRQHandler
 .text.HAL_IWDG_Init
                0x08006ae4       0xa2 ./Drivers/STM32G4xx_HAL_Driver/Src/stm32g4xx_hal_iwdg.o
                0x08006ae4                HAL_IWDG_Init
 .text.HAL_IWDG_Refresh
                0x08006b86       0x20 ./Drivers/STM32G4xx_HAL_Driver/Src/stm32g4xx_hal_iwdg.o
                0x08006b86                HAL_IWDG_Refresh
 *fill*         0x08006ba6        0x2 
 .text.HAL_PWREx_ControlVoltageScaling
                0x08006ba8      0x148 ./Drivers/STM32G4xx_HAL_Driver/Src/stm32g4xx_hal_pwr_ex.o
                0x08006ba8                HAL_PWREx_ControlVoltageScaling
 .text.HAL_PWREx_DisableUCPDDeadBattery
                0x08006cf0       0x20 ./Drivers/STM32G4xx_HAL_Driver/Src/stm32g4xx_hal_pwr_ex.o
                0x08006cf0                HAL_PWREx_DisableUCPDDeadBattery
 .text.HAL_RCC_OscConfig
                0x08006d10      0x624 ./Drivers/STM32G4xx_HAL_Driver/Src/stm32g4xx_hal_rcc.o
                0x08006d10                HAL_RCC_OscConfig
 .text.HAL_RCC_ClockConfig
                0x08007334      0x278 ./Drivers/STM32G4xx_HAL_Driver/Src/stm32g4xx_hal_rcc.o
                0x08007334                HAL_RCC_ClockConfig
 .text.HAL_RCC_GetSysClockFreq
                0x080075ac       0xc4 ./Drivers/STM32G4xx_HAL_Driver/Src/stm32g4xx_hal_rcc.o
                0x080075ac                HAL_RCC_GetSysClockFreq
 .text.HAL_RCC_GetHCLKFreq
                0x08007670       0x18 ./Drivers/STM32G4xx_HAL_Driver/Src/stm32g4xx_hal_rcc.o
                0x08007670                HAL_RCC_GetHCLKFreq
 .text.HAL_RCC_GetPCLK2Freq
                0x08007688       0x2c ./Drivers/STM32G4xx_HAL_Driver/Src/stm32g4xx_hal_rcc.o
                0x08007688                HAL_RCC_GetPCLK2Freq
 .text.HAL_RCC_GetClockConfig
                0x080076b4       0x64 ./Drivers/STM32G4xx_HAL_Driver/Src/stm32g4xx_hal_rcc.o
                0x080076b4                HAL_RCC_GetClockConfig
 .text.RCC_GetSysClockFreqFromPLLSource
                0x08007718       0x8c ./Drivers/STM32G4xx_HAL_Driver/Src/stm32g4xx_hal_rcc.o
 .text.HAL_RCCEx_PeriphCLKConfig
                0x080077a4      0x49c ./Drivers/STM32G4xx_HAL_Driver/Src/stm32g4xx_hal_rcc_ex.o
                0x080077a4                HAL_RCCEx_PeriphCLKConfig
 .text.HAL_TIM_Base_Init
                0x08007c40       0xae ./Drivers/STM32G4xx_HAL_Driver/Src/stm32g4xx_hal_tim.o
                0x08007c40                HAL_TIM_Base_Init
 *fill*         0x08007cee        0x2 
 .text.HAL_TIM_Base_Start_IT
                0x08007cf0       0xf0 ./Drivers/STM32G4xx_HAL_Driver/Src/stm32g4xx_hal_tim.o
                0x08007cf0                HAL_TIM_Base_Start_IT
 .text.HAL_TIM_PWM_Init
                0x08007de0       0xae ./Drivers/STM32G4xx_HAL_Driver/Src/stm32g4xx_hal_tim.o
                0x08007de0                HAL_TIM_PWM_Init
 *fill*         0x08007e8e        0x2 
 .text.HAL_TIM_PWM_Start
                0x08007e90      0x224 ./Drivers/STM32G4xx_HAL_Driver/Src/stm32g4xx_hal_tim.o
                0x08007e90                HAL_TIM_PWM_Start
 .text.HAL_TIM_IC_Init
                0x080080b4       0xae ./Drivers/STM32G4xx_HAL_Driver/Src/stm32g4xx_hal_tim.o
                0x080080b4                HAL_TIM_IC_Init
 .text.HAL_TIM_IC_MspInit
                0x08008162       0x14 ./Drivers/STM32G4xx_HAL_Driver/Src/stm32g4xx_hal_tim.o
                0x08008162                HAL_TIM_IC_MspInit
 *fill*         0x08008176        0x2 
 .text.HAL_TIM_IC_Start_IT
                0x08008178      0x2a0 ./Drivers/STM32G4xx_HAL_Driver/Src/stm32g4xx_hal_tim.o
                0x08008178                HAL_TIM_IC_Start_IT
 .text.HAL_TIM_IRQHandler
                0x08008418      0x29e ./Drivers/STM32G4xx_HAL_Driver/Src/stm32g4xx_hal_tim.o
                0x08008418                HAL_TIM_IRQHandler
 .text.HAL_TIM_IC_ConfigChannel
                0x080086b6      0x138 ./Drivers/STM32G4xx_HAL_Driver/Src/stm32g4xx_hal_tim.o
                0x080086b6                HAL_TIM_IC_ConfigChannel
 *fill*         0x080087ee        0x2 
 .text.HAL_TIM_PWM_ConfigChannel
                0x080087f0      0x228 ./Drivers/STM32G4xx_HAL_Driver/Src/stm32g4xx_hal_tim.o
                0x080087f0                HAL_TIM_PWM_ConfigChannel
 .text.HAL_TIM_ReadCapturedValue
                0x08008a18       0x88 ./Drivers/STM32G4xx_HAL_Driver/Src/stm32g4xx_hal_tim.o
                0x08008a18                HAL_TIM_ReadCapturedValue
 .text.HAL_TIM_OC_DelayElapsedCallback
                0x08008aa0       0x14 ./Drivers/STM32G4xx_HAL_Driver/Src/stm32g4xx_hal_tim.o
                0x08008aa0                HAL_TIM_OC_DelayElapsedCallback
 .text.HAL_TIM_PWM_PulseFinishedCallback
                0x08008ab4       0x14 ./Drivers/STM32G4xx_HAL_Driver/Src/stm32g4xx_hal_tim.o
                0x08008ab4                HAL_TIM_PWM_PulseFinishedCallback
 .text.HAL_TIM_TriggerCallback
                0x08008ac8       0x14 ./Drivers/STM32G4xx_HAL_Driver/Src/stm32g4xx_hal_tim.o
                0x08008ac8                HAL_TIM_TriggerCallback
 .text.TIM_Base_SetConfig
                0x08008adc      0x15c ./Drivers/STM32G4xx_HAL_Driver/Src/stm32g4xx_hal_tim.o
                0x08008adc                TIM_Base_SetConfig
 .text.TIM_OC1_SetConfig
                0x08008c38      0x138 ./Drivers/STM32G4xx_HAL_Driver/Src/stm32g4xx_hal_tim.o
 .text.TIM_OC2_SetConfig
                0x08008d70      0x12c ./Drivers/STM32G4xx_HAL_Driver/Src/stm32g4xx_hal_tim.o
                0x08008d70                TIM_OC2_SetConfig
 .text.TIM_OC3_SetConfig
                0x08008e9c      0x128 ./Drivers/STM32G4xx_HAL_Driver/Src/stm32g4xx_hal_tim.o
 .text.TIM_OC4_SetConfig
                0x08008fc4      0x12c ./Drivers/STM32G4xx_HAL_Driver/Src/stm32g4xx_hal_tim.o
 .text.TIM_OC5_SetConfig
                0x080090f0       0xd4 ./Drivers/STM32G4xx_HAL_Driver/Src/stm32g4xx_hal_tim.o
 .text.TIM_OC6_SetConfig
                0x080091c4       0xd8 ./Drivers/STM32G4xx_HAL_Driver/Src/stm32g4xx_hal_tim.o
 .text.TIM_TI1_SetConfig
                0x0800929c      0x12c ./Drivers/STM32G4xx_HAL_Driver/Src/stm32g4xx_hal_tim.o
                0x0800929c                TIM_TI1_SetConfig
 .text.TIM_TI2_SetConfig
                0x080093c8       0xac ./Drivers/STM32G4xx_HAL_Driver/Src/stm32g4xx_hal_tim.o
 .text.TIM_TI3_SetConfig
                0x08009474       0xa8 ./Drivers/STM32G4xx_HAL_Driver/Src/stm32g4xx_hal_tim.o
 .text.TIM_TI4_SetConfig
                0x0800951c       0xac ./Drivers/STM32G4xx_HAL_Driver/Src/stm32g4xx_hal_tim.o
 .text.TIM_CCxChannelCmd
                0x080095c8       0x4a ./Drivers/STM32G4xx_HAL_Driver/Src/stm32g4xx_hal_tim.o
                0x080095c8                TIM_CCxChannelCmd
 *fill*         0x08009612        0x2 
 .text.HAL_TIMEx_MasterConfigSynchronization
                0x08009614      0x12c ./Drivers/STM32G4xx_HAL_Driver/Src/stm32g4xx_hal_tim_ex.o
                0x08009614                HAL_TIMEx_MasterConfigSynchronization
 .text.HAL_TIMEx_CommutCallback
                0x08009740       0x14 ./Drivers/STM32G4xx_HAL_Driver/Src/stm32g4xx_hal_tim_ex.o
                0x08009740                HAL_TIMEx_CommutCallback
 .text.HAL_TIMEx_BreakCallback
                0x08009754       0x14 ./Drivers/STM32G4xx_HAL_Driver/Src/stm32g4xx_hal_tim_ex.o
                0x08009754                HAL_TIMEx_BreakCallback
 .text.HAL_TIMEx_Break2Callback
                0x08009768       0x14 ./Drivers/STM32G4xx_HAL_Driver/Src/stm32g4xx_hal_tim_ex.o
                0x08009768                HAL_TIMEx_Break2Callback
 .text.HAL_TIMEx_EncoderIndexCallback
                0x0800977c       0x14 ./Drivers/STM32G4xx_HAL_Driver/Src/stm32g4xx_hal_tim_ex.o
                0x0800977c                HAL_TIMEx_EncoderIndexCallback
 .text.HAL_TIMEx_DirectionChangeCallback
                0x08009790       0x14 ./Drivers/STM32G4xx_HAL_Driver/Src/stm32g4xx_hal_tim_ex.o
                0x08009790                HAL_TIMEx_DirectionChangeCallback
 .text.HAL_TIMEx_IndexErrorCallback
                0x080097a4       0x14 ./Drivers/STM32G4xx_HAL_Driver/Src/stm32g4xx_hal_tim_ex.o
                0x080097a4                HAL_TIMEx_IndexErrorCallback
 .text.HAL_TIMEx_TransitionErrorCallback
                0x080097b8       0x14 ./Drivers/STM32G4xx_HAL_Driver/Src/stm32g4xx_hal_tim_ex.o
                0x080097b8                HAL_TIMEx_TransitionErrorCallback
 .text.memset   0x080097cc       0x10 /Applications/STM32CubeIDE.app/Contents/Eclipse/plugins/com.st.stm32cube.ide.mcu.externaltools.gnu-tools-for-stm32.14.3.rel1.macosaarch64_1.0.0.202602081740/tools/bin/../lib/gcc/arm-none-eabi/14.3.1/../../../../arm-none-eabi/lib/thumb/v7e-m+fp/hard/libc_nano.a(libc_a-memset.o)
                0x080097cc                memset
 .text.__libc_init_array
                0x080097dc       0x48 /Applications/STM32CubeIDE.app/Contents/Eclipse/plugins/com.st.stm32cube.ide.mcu.externaltools.gnu-tools-for-stm32.14.3.rel1.macosaarch64_1.0.0.202602081740/tools/bin/../lib/gcc/arm-none-eabi/14.3.1/../../../../arm-none-eabi/lib/thumb/v7e-m+fp/hard/libc_nano.a(libc_a-init.o)
                0x080097dc                __libc_init_array
 .text.memcpy   0x08009824       0x1c /Applications/STM32CubeIDE.app/Contents/Eclipse/plugins/com.st.stm32cube.ide.mcu.externaltools.gnu-tools-for-stm32.14.3.rel1.macosaarch64_1.0.0.202602081740/tools/bin/../lib/gcc/arm-none-eabi/14.3.1/../../../../arm-none-eabi/lib/thumb/v7e-m+fp/hard/libc_nano.a(libc_a-memcpy-stub.o)
                0x08009824                memcpy
 *(.glue_7)
 .glue_7        0x08009840        0x0 linker stubs
 *(.glue_7t)
 .glue_7t       0x08009840        0x0 linker stubs
 *(.eh_frame)
 .eh_frame      0x08009840        0x0 /Applications/STM32CubeIDE.app/Contents/Eclipse/plugins/com.st.stm32cube.ide.mcu.externaltools.gnu-tools-for-stm32.14.3.rel1.macosaarch64_1.0.0.202602081740/tools/bin/../lib/gcc/arm-none-eabi/14.3.1/thumb/v7e-m+fp/hard/crtbegin.o
 *(.init)
 .init          0x08009840        0x4 /Applications/STM32CubeIDE.app/Contents/Eclipse/plugins/com.st.stm32cube.ide.mcu.externaltools.gnu-tools-for-stm32.14.3.rel1.macosaarch64_1.0.0.202602081740/tools/bin/../lib/gcc/arm-none-eabi/14.3.1/thumb/v7e-m+fp/hard/crti.o
                0x08009840                _init
 .init          0x08009844        0x8 /Applications/STM32CubeIDE.app/Contents/Eclipse/plugins/com.st.stm32cube.ide.mcu.externaltools.gnu-tools-for-stm32.14.3.rel1.macosaarch64_1.0.0.202602081740/tools/bin/../lib/gcc/arm-none-eabi/14.3.1/thumb/v7e-m+fp/hard/crtn.o
 *(.fini)
 .fini          0x0800984c        0x4 /Applications/STM32CubeIDE.app/Contents/Eclipse/plugins/com.st.stm32cube.ide.mcu.externaltools.gnu-tools-for-stm32.14.3.rel1.macosaarch64_1.0.0.202602081740/tools/bin/../lib/gcc/arm-none-eabi/14.3.1/thumb/v7e-m+fp/hard/crti.o
                0x0800984c                _fini
 .fini          0x08009850        0x8 /Applications/STM32CubeIDE.app/Contents/Eclipse/plugins/com.st.stm32cube.ide.mcu.externaltools.gnu-tools-for-stm32.14.3.rel1.macosaarch64_1.0.0.202602081740/tools/bin/../lib/gcc/arm-none-eabi/14.3.1/thumb/v7e-m+fp/hard/crtn.o
                0x08009858                        . = ALIGN (0x4)
                0x08009858                        _etext = .

.vfp11_veneer   0x08009858        0x0
 .vfp11_veneer  0x08009858        0x0 linker stubs

.v4_bx          0x08009858        0x0
 .v4_bx         0x08009858        0x0 linker stubs

.iplt           0x08009858        0x0
 .iplt          0x08009858        0x0 /Applications/STM32CubeIDE.app/Contents/Eclipse/plugins/com.st.stm32cube.ide.mcu.externaltools.gnu-tools-for-stm32.14.3.rel1.macosaarch64_1.0.0.202602081740/tools/bin/../lib/gcc/arm-none-eabi/14.3.1/thumb/v7e-m+fp/hard/crtbegin.o

.rodata         0x08009858      0x198
                0x08009858                        . = ALIGN (0x4)
 *(.rodata)
 *(.rodata*)
 .rodata._defaults
                0x08009858       0x2c ./Core/Src/params.o
 .rodata.AHBPrescTable
                0x08009884       0x10 ./Core/Src/system_stm32g4xx.o
                0x08009884                AHBPrescTable
 .rodata.APBPrescTable
                0x08009894        0x8 ./Core/Src/system_stm32g4xx.o
                0x08009894                APBPrescTable
 .rodata.tesla10k
                0x0800989c       0x8e ./Core/Src/temp_meas.o
 *fill*         0x0800992a        0x2 
 .rodata.STEP_PINS
                0x0800992c       0x30 ./Core/Src/valves.o
 .rodata.DIR_PINS
                0x0800995c       0x30 ./Core/Src/valves.o
 .rodata.EN_PINS
                0x0800998c       0x30 ./Core/Src/valves.o
 .rodata.EXV_PARAM_IDS
                0x080099bc        0xc ./Core/Src/valves.o
 .rodata.pos_centers
                0x080099c8       0x18 ./Core/Src/valves.o
 .rodata.DLCtoBytes
                0x080099e0       0x10 ./Drivers/STM32G4xx_HAL_Driver/Src/stm32g4xx_hal_fdcan.o
                0x080099f0                        . = ALIGN (0x4)

.ARM.extab      0x080099f0        0x0
                0x080099f0                        . = ALIGN (0x4)
 *(.ARM.extab* .gnu.linkonce.armextab.*)
                0x080099f0                        . = ALIGN (0x4)

.ARM            0x080099f0        0x0
                0x080099f0                        . = ALIGN (0x4)
                0x080099f0                        __exidx_start = .
 *(.ARM.exidx*)
                0x080099f0                        __exidx_end = .
                0x080099f0                        . = ALIGN (0x4)

.preinit_array  0x080099f0        0x0
                0x080099f0                        . = ALIGN (0x4)
                0x080099f0                        PROVIDE (__preinit_array_start = .)
 *(.preinit_array*)
                0x080099f0                        PROVIDE (__preinit_array_end = .)
                0x080099f0                        . = ALIGN (0x4)

.init_array     0x080099f0        0x4
                0x080099f0                        . = ALIGN (0x4)
                0x080099f0                        PROVIDE (__init_array_start = .)
 *(SORT_BY_NAME(.init_array.*))
 *(.init_array*)
 .init_array    0x080099f0        0x4 /Applications/STM32CubeIDE.app/Contents/Eclipse/plugins/com.st.stm32cube.ide.mcu.externaltools.gnu-tools-for-stm32.14.3.rel1.macosaarch64_1.0.0.202602081740/tools/bin/../lib/gcc/arm-none-eabi/14.3.1/thumb/v7e-m+fp/hard/crtbegin.o
                0x080099f4                        PROVIDE (__init_array_end = .)
                0x080099f4                        . = ALIGN (0x4)

.fini_array     0x080099f4        0x4
                0x080099f4                        . = ALIGN (0x4)
                [!provide]                        PROVIDE (__fini_array_start = .)
 *(SORT_BY_NAME(.fini_array.*))
 *(.fini_array*)
 .fini_array    0x080099f4        0x4 /Applications/STM32CubeIDE.app/Contents/Eclipse/plugins/com.st.stm32cube.ide.mcu.externaltools.gnu-tools-for-stm32.14.3.rel1.macosaarch64_1.0.0.202602081740/tools/bin/../lib/gcc/arm-none-eabi/14.3.1/thumb/v7e-m+fp/hard/crtbegin.o
                [!provide]                        PROVIDE (__fini_array_end = .)
                0x080099f8                        . = ALIGN (0x4)
                0x080099f8                        _sidata = LOADADDR (.data)

.rel.dyn        0x080099f8        0x0
 .rel.iplt      0x080099f8        0x0 /Applications/STM32CubeIDE.app/Contents/Eclipse/plugins/com.st.stm32cube.ide.mcu.externaltools.gnu-tools-for-stm32.14.3.rel1.macosaarch64_1.0.0.202602081740/tools/bin/../lib/gcc/arm-none-eabi/14.3.1/thumb/v7e-m+fp/hard/crtbegin.o

.data           0x20000000       0x10 load address 0x080099f8
                0x20000000                        . = ALIGN (0x4)
                0x20000000                        _sdata = .
 *(.data)
 *(.data*)
 .data.SystemCoreClock
                0x20000000        0x4 ./Core/Src/system_stm32g4xx.o
                0x20000000                SystemCoreClock
 .data.g_valve_turning_direction
                0x20000004        0x1 ./Core/Src/valves.o
                0x20000004                g_valve_turning_direction
 *fill*         0x20000005        0x3 
 .data.uwTickPrio
                0x20000008        0x4 ./Drivers/STM32G4xx_HAL_Driver/Src/stm32g4xx_hal.o
                0x20000008                uwTickPrio
 .data.uwTickFreq
                0x2000000c        0x4 ./Drivers/STM32G4xx_HAL_Driver/Src/stm32g4xx_hal.o
                0x2000000c                uwTickFreq
 *(.RamFunc)
 *(.RamFunc*)
                0x20000010                        . = ALIGN (0x4)
                0x20000010                        _edata = .

.igot.plt       0x20000010        0x0 load address 0x08009a08
 .igot.plt      0x20000010        0x0 /Applications/STM32CubeIDE.app/Contents/Eclipse/plugins/com.st.stm32cube.ide.mcu.externaltools.gnu-tools-for-stm32.14.3.rel1.macosaarch64_1.0.0.202602081740/tools/bin/../lib/gcc/arm-none-eabi/14.3.1/thumb/v7e-m+fp/hard/crtbegin.o
                0x20000010                        . = ALIGN (0x4)

.bss            0x20000010      0x570 load address 0x08009a08
                0x20000010                        _sbss = .
                0x20000010                        __bss_start__ = _sbss
 *(.bss)
 .bss           0x20000010       0x1c /Applications/STM32CubeIDE.app/Contents/Eclipse/plugins/com.st.stm32cube.ide.mcu.externaltools.gnu-tools-for-stm32.14.3.rel1.macosaarch64_1.0.0.202602081740/tools/bin/../lib/gcc/arm-none-eabi/14.3.1/thumb/v7e-m+fp/hard/crtbegin.o
 *(.bss*)
 .bss.hadc1     0x2000002c       0x6c ./Core/Src/adc.o
                0x2000002c                hadc1
 .bss.hadc2     0x20000098       0x6c ./Core/Src/adc.o
                0x20000098                hadc2
 .bss.hdma_adc1
                0x20000104       0x60 ./Core/Src/adc.o
                0x20000104                hdma_adc1
 .bss.hdma_adc2
                0x20000164       0x60 ./Core/Src/adc.o
                0x20000164                hdma_adc2
 .bss.HAL_RCC_ADC12_CLK_ENABLED
                0x200001c4        0x4 ./Core/Src/adc.o
 .bss.s_tick10  0x200001c8        0x4 ./Core/Src/app.o
 .bss.s_tick100
                0x200001cc        0x4 ./Core/Src/app.o
 .bss.s_tick200
                0x200001d0        0x4 ./Core/Src/app.o
 .bss._hfdcan   0x200001d4        0x4 ./Core/Src/can_comp.o
 .bss._status   0x200001d8       0x1c ./Core/Src/can_comp.o
 .bss._lastTxMs
                0x200001f4        0x4 ./Core/Src/can_comp.o
 .bss.hfdcan1   0x200001f8       0x64 ./Core/Src/fdcan.o
                0x200001f8                hfdcan1
 .bss.hiwdg     0x2000025c       0x10 ./Core/Src/iwdg.o
                0x2000025c                hiwdg
 .bss._saveable
                0x2000026c       0x2c ./Core/Src/params.o
 .bss._display  0x20000298       0xc8 ./Core/Src/params.o
 .bss.g_pump_batt_period
                0x20000360        0x4 ./Core/Src/pumps.o
                0x20000360                g_pump_batt_period
 .bss.g_pump_pt_period
                0x20000364        0x4 ./Core/Src/pumps.o
                0x20000364                g_pump_pt_period
 .bss._htim4    0x20000368        0x4 ./Core/Src/pumps.o
 .bss.last_batt.1
                0x2000036c        0x4 ./Core/Src/pumps.o
 .bss.last_pt.0
                0x20000370        0x4 ./Core/Src/pumps.o
 .bss.f_pt_disc_pres
                0x20000374        0x8 ./Core/Src/sensors.o
 .bss.f_pt_sc_pres
                0x2000037c        0x8 ./Core/Src/sensors.o
 .bss.f_pt_suct_pres
                0x20000384        0x8 ./Core/Src/sensors.o
 .bss.f_pt_disc_temp
                0x2000038c        0x8 ./Core/Src/sensors.o
 .bss.f_pt_sc_temp
                0x20000394        0x8 ./Core/Src/sensors.o
 .bss.f_pt_suct_temp
                0x2000039c        0x8 ./Core/Src/sensors.o
 .bss.f_coolant_batt
                0x200003a4        0x8 ./Core/Src/sensors.o
 .bss.f_coolant_pt
                0x200003ac        0x8 ./Core/Src/sensors.o
 .bss.f_coolant_level
                0x200003b4        0x8 ./Core/Src/sensors.o
 .bss.htim8     0x200003bc       0x4c ./Core/Src/stm32g4xx_hal_timebase_tim.o
                0x200003bc                htim8
 .bss.s_accumulated_error
                0x20000408        0x4 ./Core/Src/thermal_control.o
 .bss.s_last_error
                0x2000040c        0x4 ./Core/Src/thermal_control.o
 .bss.htim2     0x20000410       0x4c ./Core/Src/tim.o
                0x20000410                htim2
 .bss.htim4     0x2000045c       0x4c ./Core/Src/tim.o
                0x2000045c                htim4
 .bss.htim6     0x200004a8       0x4c ./Core/Src/tim.o
                0x200004a8                htim6
 .bss.htim7     0x200004f4       0x4c ./Core/Src/tim.o
                0x200004f4                htim7
 .bss.steps_queue
                0x20000540       0x18 ./Core/Src/valves.o
 .bss.calibration_active
                0x20000558        0x1 ./Core/Src/valves.o
 *fill*         0x20000559        0x3 
 .bss.step_high
                0x2000055c        0x6 ./Core/Src/valves.o
 *fill*         0x20000562        0x2 
 .bss.g_octovalve_pulse_count
                0x20000564        0x4 ./Core/Src/valves.o
                0x20000564                g_octovalve_pulse_count
 .bss.g_octo_calibrating
                0x20000568        0x1 ./Core/Src/valves.o
                0x20000568                g_octo_calibrating
 *fill*         0x20000569        0x3 
 .bss.octo_target_position
                0x2000056c        0x4 ./Core/Src/valves.o
 .bss.octo_current_position
                0x20000570        0x4 ./Core/Src/valves.o
 .bss.last_pulse_time_ms
                0x20000574        0x4 ./Core/Src/valves.o
 .bss.last_pulse_count
                0x20000578        0x4 ./Core/Src/valves.o
 .bss.uwTick    0x2000057c        0x4 ./Drivers/STM32G4xx_HAL_Driver/Src/stm32g4xx_hal.o
                0x2000057c                uwTick
 *(COMMON)
                0x20000580                        . = ALIGN (0x4)
                0x20000580                        _ebss = .
                0x20000580                        __bss_end__ = _ebss

.DMA_BUFFER     0x20000580       0x1c load address 0x08009a08
 *(.DMA_BUFFER)
 .DMA_BUFFER    0x20000580       0x1c ./Core/Src/sensors.o
                0x20000580                g_adc1Dma
                0x2000058c                g_adc2Dma

._user_heap_stack
                0x2000059c      0x604 load address 0x08009a08
                0x200005a0                        . = ALIGN (0x8)
 *fill*         0x2000059c        0x4 
                [!provide]                        PROVIDE (end = .)
                0x200005a0                        PROVIDE (_end = .)
                0x200007a0                        . = (. + _Min_Heap_Size)
 *fill*         0x200005a0      0x200 
                0x20000ba0                        . = (. + _Min_Stack_Size)
 *fill*         0x200007a0      0x400 
                0x20000ba0                        . = ALIGN (0x8)

/DISCARD/
 libc.a(*)
 libm.a(*)
 libgcc.a(*)

.ARM.attributes
                0x00000000       0x30
 *(.ARM.attributes)
 .ARM.attributes
                0x00000000       0x22 /Applications/STM32CubeIDE.app/Contents/Eclipse/plugins/com.st.stm32cube.ide.mcu.externaltools.gnu-tools-for-stm32.14.3.rel1.macosaarch64_1.0.0.202602081740/tools/bin/../lib/gcc/arm-none-eabi/14.3.1/thumb/v7e-m+fp/hard/crti.o
 .ARM.attributes
                0x00000022       0x34 /Applications/STM32CubeIDE.app/Contents/Eclipse/plugins/com.st.stm32cube.ide.mcu.externaltools.gnu-tools-for-stm32.14.3.rel1.macosaarch64_1.0.0.202602081740/tools/bin/../lib/gcc/arm-none-eabi/14.3.1/thumb/v7e-m+fp/hard/crtbegin.o
 .ARM.attributes
                0x00000056       0x34 ./Core/Src/adc.o
 .ARM.attributes
                0x0000008a       0x34 ./Core/Src/app.o
 .ARM.attributes
                0x000000be       0x34 ./Core/Src/can_comp.o
 .ARM.attributes
                0x000000f2       0x34 ./Core/Src/dma.o
 .ARM.attributes
                0x00000126       0x34 ./Core/Src/fdcan.o
 .ARM.attributes
                0x0000015a       0x34 ./Core/Src/gpio.o
 .ARM.attributes
                0x0000018e       0x34 ./Core/Src/iwdg.o
 .ARM.attributes
                0x000001c2       0x34 ./Core/Src/main.o
 .ARM.attributes
                0x000001f6       0x34 ./Core/Src/params.o
 .ARM.attributes
                0x0000022a       0x34 ./Core/Src/pumps.o
 .ARM.attributes
                0x0000025e       0x34 ./Core/Src/sensors.o
 .ARM.attributes
                0x00000292       0x34 ./Core/Src/stm32g4xx_hal_msp.o
 .ARM.attributes
                0x000002c6       0x34 ./Core/Src/stm32g4xx_hal_timebase_tim.o
 .ARM.attributes
                0x000002fa       0x34 ./Core/Src/stm32g4xx_it.o
 .ARM.attributes
                0x0000032e       0x34 ./Core/Src/system_stm32g4xx.o
 .ARM.attributes
                0x00000362       0x34 ./Core/Src/temp_meas.o
 .ARM.attributes
                0x00000396       0x34 ./Core/Src/thermal_control.o
 .ARM.attributes
                0x000003ca       0x34 ./Core/Src/tim.o
 .ARM.attributes
                0x000003fe       0x34 ./Core/Src/valves.o
 .ARM.attributes
                0x00000432       0x21 ./Core/Startup/startup_stm32g474vetx.o
 .ARM.attributes
                0x00000453       0x34 ./Drivers/STM32G4xx_HAL_Driver/Src/stm32g4xx_hal.o
 .ARM.attributes
                0x00000487       0x34 ./Drivers/STM32G4xx_HAL_Driver/Src/stm32g4xx_hal_adc.o
 .ARM.attributes
                0x000004bb       0x34 ./Drivers/STM32G4xx_HAL_Driver/Src/stm32g4xx_hal_adc_ex.o
 .ARM.attributes
                0x000004ef       0x34 ./Drivers/STM32G4xx_HAL_Driver/Src/stm32g4xx_hal_cortex.o
 .ARM.attributes
                0x00000523       0x34 ./Drivers/STM32G4xx_HAL_Driver/Src/stm32g4xx_hal_dma.o
 .ARM.attributes
                0x00000557       0x34 ./Drivers/STM32G4xx_HAL_Driver/Src/stm32g4xx_hal_fdcan.o
 .ARM.attributes
                0x0000058b       0x34 ./Drivers/STM32G4xx_HAL_Driver/Src/stm32g4xx_hal_gpio.o
 .ARM.attributes
                0x000005bf       0x34 ./Drivers/STM32G4xx_HAL_Driver/Src/stm32g4xx_hal_iwdg.o
 .ARM.attributes
                0x000005f3       0x34 ./Drivers/STM32G4xx_HAL_Driver/Src/stm32g4xx_hal_pwr_ex.o
 .ARM.attributes
                0x00000627       0x34 ./Drivers/STM32G4xx_HAL_Driver/Src/stm32g4xx_hal_rcc.o
 .ARM.attributes
                0x0000065b       0x34 ./Drivers/STM32G4xx_HAL_Driver/Src/stm32g4xx_hal_rcc_ex.o
 .ARM.attributes
                0x0000068f       0x34 ./Drivers/STM32G4xx_HAL_Driver/Src/stm32g4xx_hal_tim.o
 .ARM.attributes
                0x000006c3       0x34 ./Drivers/STM32G4xx_HAL_Driver/Src/stm32g4xx_hal_tim_ex.o
 .ARM.attributes
                0x000006f7       0x34 /Applications/STM32CubeIDE.app/Contents/Eclipse/plugins/com.st.stm32cube.ide.mcu.externaltools.gnu-tools-for-stm32.14.3.rel1.macosaarch64_1.0.0.202602081740/tools/bin/../lib/gcc/arm-none-eabi/14.3.1/../../../../arm-none-eabi/lib/thumb/v7e-m+fp/hard/libc_nano.a(libc_a-memset.o)
 .ARM.attributes
                0x0000072b       0x34 /Applications/STM32CubeIDE.app/Contents/Eclipse/plugins/com.st.stm32cube.ide.mcu.externaltools.gnu-tools-for-stm32.14.3.rel1.macosaarch64_1.0.0.202602081740/tools/bin/../lib/gcc/arm-none-eabi/14.3.1/../../../../arm-none-eabi/lib/thumb/v7e-m+fp/hard/libc_nano.a(libc_a-init.o)
 .ARM.attributes
                0x0000075f       0x34 /Applications/STM32CubeIDE.app/Contents/Eclipse/plugins/com.st.stm32cube.ide.mcu.externaltools.gnu-tools-for-stm32.14.3.rel1.macosaarch64_1.0.0.202602081740/tools/bin/../lib/gcc/arm-none-eabi/14.3.1/../../../../arm-none-eabi/lib/thumb/v7e-m+fp/hard/libc_nano.a(libc_a-memcpy-stub.o)
 .ARM.attributes
                0x00000793       0x22 /Applications/STM32CubeIDE.app/Contents/Eclipse/plugins/com.st.stm32cube.ide.mcu.externaltools.gnu-tools-for-stm32.14.3.rel1.macosaarch64_1.0.0.202602081740/tools/bin/../lib/gcc/arm-none-eabi/14.3.1/thumb/v7e-m+fp/hard/crtn.o
OUTPUT(heatpump_ctrl.elf elf32-littlearm)
LOAD linker stubs
LOAD /Applications/STM32CubeIDE.app/Contents/Eclipse/plugins/com.st.stm32cube.ide.mcu.externaltools.gnu-tools-for-stm32.14.3.rel1.macosaarch64_1.0.0.202602081740/tools/bin/../lib/gcc/arm-none-eabi/14.3.1/../../../../arm-none-eabi/lib/thumb/v7e-m+fp/hard/libc.a
LOAD /Applications/STM32CubeIDE.app/Contents/Eclipse/plugins/com.st.stm32cube.ide.mcu.externaltools.gnu-tools-for-stm32.14.3.rel1.macosaarch64_1.0.0.202602081740/tools/bin/../lib/gcc/arm-none-eabi/14.3.1/../../../../arm-none-eabi/lib/thumb/v7e-m+fp/hard/libm.a
LOAD /Applications/STM32CubeIDE.app/Contents/Eclipse/plugins/com.st.stm32cube.ide.mcu.externaltools.gnu-tools-for-stm32.14.3.rel1.macosaarch64_1.0.0.202602081740/tools/bin/../lib/gcc/arm-none-eabi/14.3.1/thumb/v7e-m+fp/hard/libgcc.a

.debug_info     0x00000000    0x1b130
 .debug_info    0x00000000     0x1069 ./Core/Src/adc.o
 .debug_info    0x00001069     0x174c ./Core/Src/app.o
 .debug_info    0x000027b5      0xf12 ./Core/Src/can_comp.o
 .debug_info    0x000036c7      0x5ac ./Core/Src/dma.o
 .debug_info    0x00003c73      0xe62 ./Core/Src/fdcan.o
 .debug_info    0x00004ad5      0x79b ./Core/Src/gpio.o
 .debug_info    0x00005270      0x1d3 ./Core/Src/iwdg.o
 .debug_info    0x00005443      0x318 ./Core/Src/main.o
 .debug_info    0x0000575b      0x6b0 ./Core/Src/params.o
 .debug_info    0x00005e0b      0xbcd ./Core/Src/pumps.o
 .debug_info    0x000069d8      0xd74 ./Core/Src/sensors.o
 .debug_info    0x0000774c      0x2da ./Core/Src/stm32g4xx_hal_msp.o
 .debug_info    0x00007a26      0xe78 ./Core/Src/stm32g4xx_hal_timebase_tim.o
 .debug_info    0x0000889e      0xe27 ./Core/Src/stm32g4xx_it.o
 .debug_info    0x000096c5      0x58e ./Core/Src/system_stm32g4xx.o
 .debug_info    0x00009c53      0x1a3 ./Core/Src/temp_meas.o
 .debug_info    0x00009df6      0xadd ./Core/Src/thermal_control.o
 .debug_info    0x0000a8d3     0x12e5 ./Core/Src/tim.o
 .debug_info    0x0000bbb8      0x7d4 ./Core/Src/valves.o
 .debug_info    0x0000c38c       0x30 ./Core/Startup/startup_stm32g474vetx.o
 .debug_info    0x0000c3bc      0xb95 ./Drivers/STM32G4xx_HAL_Driver/Src/stm32g4xx_hal.o
 .debug_info    0x0000cf51     0x2063 ./Drivers/STM32G4xx_HAL_Driver/Src/stm32g4xx_hal_adc.o
 .debug_info    0x0000efb4     0x1d80 ./Drivers/STM32G4xx_HAL_Driver/Src/stm32g4xx_hal_adc_ex.o
 .debug_info    0x00010d34      0xdf9 ./Drivers/STM32G4xx_HAL_Driver/Src/stm32g4xx_hal_cortex.o
 .debug_info    0x00011b2d      0x85f ./Drivers/STM32G4xx_HAL_Driver/Src/stm32g4xx_hal_dma.o
 .debug_info    0x0001238c     0x18ba ./Drivers/STM32G4xx_HAL_Driver/Src/stm32g4xx_hal_fdcan.o
 .debug_info    0x00013c46      0x772 ./Drivers/STM32G4xx_HAL_Driver/Src/stm32g4xx_hal_gpio.o
 .debug_info    0x000143b8      0x1f7 ./Drivers/STM32G4xx_HAL_Driver/Src/stm32g4xx_hal_iwdg.o
 .debug_info    0x000145af      0x944 ./Drivers/STM32G4xx_HAL_Driver/Src/stm32g4xx_hal_pwr_ex.o
 .debug_info    0x00014ef3      0xbf9 ./Drivers/STM32G4xx_HAL_Driver/Src/stm32g4xx_hal_rcc.o
 .debug_info    0x00015aec      0xc5d ./Drivers/STM32G4xx_HAL_Driver/Src/stm32g4xx_hal_rcc_ex.o
 .debug_info    0x00016749     0x2c52 ./Drivers/STM32G4xx_HAL_Driver/Src/stm32g4xx_hal_tim.o
 .debug_info    0x0001939b     0x1d95 ./Drivers/STM32G4xx_HAL_Driver/Src/stm32g4xx_hal_tim_ex.o

.debug_abbrev   0x00000000     0x4191
 .debug_abbrev  0x00000000      0x247 ./Core/Src/adc.o
 .debug_abbrev  0x00000247      0x299 ./Core/Src/app.o
 .debug_abbrev  0x000004e0      0x27c ./Core/Src/can_comp.o
 .debug_abbrev  0x0000075c      0x109 ./Core/Src/dma.o
 .debug_abbrev  0x00000865      0x1d9 ./Core/Src/fdcan.o
 .debug_abbrev  0x00000a3e      0x162 ./Core/Src/gpio.o
 .debug_abbrev  0x00000ba0      0x139 ./Core/Src/iwdg.o
 .debug_abbrev  0x00000cd9      0x16b ./Core/Src/main.o
 .debug_abbrev  0x00000e44      0x1b5 ./Core/Src/params.o
 .debug_abbrev  0x00000ff9      0x268 ./Core/Src/pumps.o
 .debug_abbrev  0x00001261      0x246 ./Core/Src/sensors.o
 .debug_abbrev  0x000014a7       0xd9 ./Core/Src/stm32g4xx_hal_msp.o
 .debug_abbrev  0x00001580      0x223 ./Core/Src/stm32g4xx_hal_timebase_tim.o
 .debug_abbrev  0x000017a3      0x1ca ./Core/Src/stm32g4xx_it.o
 .debug_abbrev  0x0000196d      0x11a ./Core/Src/system_stm32g4xx.o
 .debug_abbrev  0x00001a87       0xcd ./Core/Src/temp_meas.o
 .debug_abbrev  0x00001b54      0x1fb ./Core/Src/thermal_control.o
 .debug_abbrev  0x00001d4f      0x285 ./Core/Src/tim.o
 .debug_abbrev  0x00001fd4      0x2a1 ./Core/Src/valves.o
 .debug_abbrev  0x00002275       0x24 ./Core/Startup/startup_stm32g474vetx.o
 .debug_abbrev  0x00002299      0x271 ./Drivers/STM32G4xx_HAL_Driver/Src/stm32g4xx_hal.o
 .debug_abbrev  0x0000250a      0x2d3 ./Drivers/STM32G4xx_HAL_Driver/Src/stm32g4xx_hal_adc.o
 .debug_abbrev  0x000027dd      0x2ee ./Drivers/STM32G4xx_HAL_Driver/Src/stm32g4xx_hal_adc_ex.o
 .debug_abbrev  0x00002acb      0x31c ./Drivers/STM32G4xx_HAL_Driver/Src/stm32g4xx_hal_cortex.o
 .debug_abbrev  0x00002de7      0x1e2 ./Drivers/STM32G4xx_HAL_Driver/Src/stm32g4xx_hal_dma.o
 .debug_abbrev  0x00002fc9      0x1e7 ./Drivers/STM32G4xx_HAL_Driver/Src/stm32g4xx_hal_fdcan.o
 .debug_abbrev  0x000031b0      0x1d2 ./Drivers/STM32G4xx_HAL_Driver/Src/stm32g4xx_hal_gpio.o
 .debug_abbrev  0x00003382      0x14d ./Drivers/STM32G4xx_HAL_Driver/Src/stm32g4xx_hal_iwdg.o
 .debug_abbrev  0x000034cf      0x22c ./Drivers/STM32G4xx_HAL_Driver/Src/stm32g4xx_hal_pwr_ex.o
 .debug_abbrev  0x000036fb      0x2c9 ./Drivers/STM32G4xx_HAL_Driver/Src/stm32g4xx_hal_rcc.o
 .debug_abbrev  0x000039c4      0x261 ./Drivers/STM32G4xx_HAL_Driver/Src/stm32g4xx_hal_rcc_ex.o
 .debug_abbrev  0x00003c25      0x2a7 ./Drivers/STM32G4xx_HAL_Driver/Src/stm32g4xx_hal_tim.o
 .debug_abbrev  0x00003ecc      0x2c5 ./Drivers/STM32G4xx_HAL_Driver/Src/stm32g4xx_hal_tim_ex.o

.debug_aranges  0x00000000     0x17b8
 .debug_aranges
                0x00000000       0x38 ./Core/Src/adc.o
 .debug_aranges
                0x00000038       0x60 ./Core/Src/app.o
 .debug_aranges
                0x00000098       0x68 ./Core/Src/can_comp.o
 .debug_aranges
                0x00000100       0x20 ./Core/Src/dma.o
 .debug_aranges
                0x00000120       0x30 ./Core/Src/fdcan.o
 .debug_aranges
                0x00000150       0x20 ./Core/Src/gpio.o
 .debug_aranges
                0x00000170       0x20 ./Core/Src/iwdg.o
 .debug_aranges
                0x00000190       0x30 ./Core/Src/main.o
 .debug_aranges
                0x000001c0       0x68 ./Core/Src/params.o
 .debug_aranges
                0x00000228       0x50 ./Core/Src/pumps.o
 .debug_aranges
                0x00000278       0x58 ./Core/Src/sensors.o
 .debug_aranges
                0x000002d0       0x20 ./Core/Src/stm32g4xx_hal_msp.o
 .debug_aranges
                0x000002f0       0x30 ./Core/Src/stm32g4xx_hal_timebase_tim.o
 .debug_aranges
                0x00000320       0xa0 ./Core/Src/stm32g4xx_it.o
 .debug_aranges
                0x000003c0       0x28 ./Core/Src/system_stm32g4xx.o
 .debug_aranges
                0x000003e8       0x20 ./Core/Src/temp_meas.o
 .debug_aranges
                0x00000408       0x70 ./Core/Src/thermal_control.o
 .debug_aranges
                0x00000478       0x60 ./Core/Src/tim.o
 .debug_aranges
                0x000004d8       0x80 ./Core/Src/valves.o
 .debug_aranges
                0x00000558       0x28 ./Core/Startup/startup_stm32g474vetx.o
 .debug_aranges
                0x00000580      0x148 ./Drivers/STM32G4xx_HAL_Driver/Src/stm32g4xx_hal.o
 .debug_aranges
                0x000006c8      0x248 ./Drivers/STM32G4xx_HAL_Driver/Src/stm32g4xx_hal_adc.o
 .debug_aranges
                0x00000910      0x1c0 ./Drivers/STM32G4xx_HAL_Driver/Src/stm32g4xx_hal_adc_ex.o
 .debug_aranges
                0x00000ad0      0x128 ./Drivers/STM32G4xx_HAL_Driver/Src/stm32g4xx_hal_cortex.o
 .debug_aranges
                0x00000bf8       0x90 ./Drivers/STM32G4xx_HAL_Driver/Src/stm32g4xx_hal_dma.o
 .debug_aranges
                0x00000c88      0x208 ./Drivers/STM32G4xx_HAL_Driver/Src/stm32g4xx_hal_fdcan.o
 .debug_aranges
                0x00000e90       0x58 ./Drivers/STM32G4xx_HAL_Driver/Src/stm32g4xx_hal_gpio.o
 .debug_aranges
                0x00000ee8       0x28 ./Drivers/STM32G4xx_HAL_Driver/Src/stm32g4xx_hal_iwdg.o
 .debug_aranges
                0x00000f10      0x140 ./Drivers/STM32G4xx_HAL_Driver/Src/stm32g4xx_hal_pwr_ex.o
 .debug_aranges
                0x00001050       0x98 ./Drivers/STM32G4xx_HAL_Driver/Src/stm32g4xx_hal_rcc.o
 .debug_aranges
                0x000010e8       0xb0 ./Drivers/STM32G4xx_HAL_Driver/Src/stm32g4xx_hal_rcc_ex.o
 .debug_aranges
                0x00001198      0x3e0 ./Drivers/STM32G4xx_HAL_Driver/Src/stm32g4xx_hal_tim.o
 .debug_aranges
                0x00001578      0x240 ./Drivers/STM32G4xx_HAL_Driver/Src/stm32g4xx_hal_tim_ex.o

.debug_rnglists
                0x00000000     0x1205
 .debug_rnglists
                0x00000000       0x29 ./Core/Src/adc.o
 .debug_rnglists
                0x00000029       0x46 ./Core/Src/app.o
 .debug_rnglists
                0x0000006f       0x4b ./Core/Src/can_comp.o
 .debug_rnglists
                0x000000ba       0x13 ./Core/Src/dma.o
 .debug_rnglists
                0x000000cd       0x21 ./Core/Src/fdcan.o
 .debug_rnglists
                0x000000ee       0x14 ./Core/Src/gpio.o
 .debug_rnglists
                0x00000102       0x13 ./Core/Src/iwdg.o
 .debug_rnglists
                0x00000115       0x20 ./Core/Src/main.o
 .debug_rnglists
                0x00000135       0x4a ./Core/Src/params.o
 .debug_rnglists
                0x0000017f       0x39 ./Core/Src/pumps.o
 .debug_rnglists
                0x000001b8       0x41 ./Core/Src/sensors.o
 .debug_rnglists
                0x000001f9       0x13 ./Core/Src/stm32g4xx_hal_msp.o
 .debug_rnglists
                0x0000020c       0x20 ./Core/Src/stm32g4xx_hal_timebase_tim.o
 .debug_rnglists
                0x0000022c       0x73 ./Core/Src/stm32g4xx_it.o
 .debug_rnglists
                0x0000029f       0x1a ./Core/Src/system_stm32g4xx.o
 .debug_rnglists
                0x000002b9       0x14 ./Core/Src/temp_meas.o
 .debug_rnglists
                0x000002cd       0x57 ./Core/Src/thermal_control.o
 .debug_rnglists
                0x00000324       0x48 ./Core/Src/tim.o
 .debug_rnglists
                0x0000036c       0x5e ./Core/Src/valves.o
 .debug_rnglists
                0x000003ca       0x19 ./Core/Startup/startup_stm32g474vetx.o
 .debug_rnglists
                0x000003e3       0xf1 ./Drivers/STM32G4xx_HAL_Driver/Src/stm32g4xx_hal.o
 .debug_rnglists
                0x000004d4      0x1c0 ./Drivers/STM32G4xx_HAL_Driver/Src/stm32g4xx_hal_adc.o
 .debug_rnglists
                0x00000694      0x15a ./Drivers/STM32G4xx_HAL_Driver/Src/stm32g4xx_hal_adc_ex.o
 .debug_rnglists
                0x000007ee       0xda ./Drivers/STM32G4xx_HAL_Driver/Src/stm32g4xx_hal_cortex.o
 .debug_rnglists
                0x000008c8       0x72 ./Drivers/STM32G4xx_HAL_Driver/Src/stm32g4xx_hal_dma.o
 .debug_rnglists
                0x0000093a      0x18d ./Drivers/STM32G4xx_HAL_Driver/Src/stm32g4xx_hal_fdcan.o
 .debug_rnglists
                0x00000ac7       0x3f ./Drivers/STM32G4xx_HAL_Driver/Src/stm32g4xx_hal_gpio.o
 .debug_rnglists
                0x00000b06       0x1a ./Drivers/STM32G4xx_HAL_Driver/Src/stm32g4xx_hal_iwdg.o
 .debug_rnglists
                0x00000b20       0xf1 ./Drivers/STM32G4xx_HAL_Driver/Src/stm32g4xx_hal_pwr_ex.o
 .debug_rnglists
                0x00000c11       0x74 ./Drivers/STM32G4xx_HAL_Driver/Src/stm32g4xx_hal_rcc.o
 .debug_rnglists
                0x00000c85       0x87 ./Drivers/STM32G4xx_HAL_Driver/Src/stm32g4xx_hal_rcc_ex.o
 .debug_rnglists
                0x00000d0c      0x32d ./Drivers/STM32G4xx_HAL_Driver/Src/stm32g4xx_hal_tim.o
 .debug_rnglists
                0x00001039      0x1cc ./Drivers/STM32G4xx_HAL_Driver/Src/stm32g4xx_hal_tim_ex.o

.debug_macro    0x00000000    0x2ad49
 .debug_macro   0x00000000      0x20a ./Core/Src/adc.o
 .debug_macro   0x0000020a      0xad8 ./Core/Src/adc.o
 .debug_macro   0x00000ce2      0x167 ./Core/Src/adc.o
 .debug_macro   0x00000e49       0x2e ./Core/Src/adc.o
 .debug_macro   0x00000e77       0x28 ./Core/Src/adc.o
 .debug_macro   0x00000e9f       0x22 ./Core/Src/adc.o
 .debug_macro   0x00000ec1       0x8e ./Core/Src/adc.o
 .debug_macro   0x00000f4f       0x51 ./Core/Src/adc.o
 .debug_macro   0x00000fa0      0x103 ./Core/Src/adc.o
 .debug_macro   0x000010a3       0x6a ./Core/Src/adc.o
 .debug_macro   0x0000110d      0x1df ./Core/Src/adc.o
 .debug_macro   0x000012ec       0x1c ./Core/Src/adc.o
 .debug_macro   0x00001308       0x22 ./Core/Src/adc.o
 .debug_macro   0x0000132a       0xfb ./Core/Src/adc.o
 .debug_macro   0x00001425     0x1011 ./Core/Src/adc.o
 .debug_macro   0x00002436      0x11f ./Core/Src/adc.o
 .debug_macro   0x00002555    0x18b8c ./Core/Src/adc.o
 .debug_macro   0x0001b0e1       0x6d ./Core/Src/adc.o
 .debug_macro   0x0001b14e     0x3558 ./Core/Src/adc.o
 .debug_macro   0x0001e6a6      0x190 ./Core/Src/adc.o
 .debug_macro   0x0001e836       0x5c ./Core/Src/adc.o
 .debug_macro   0x0001e892     0x171f ./Core/Src/adc.o
 .debug_macro   0x0001ffb1      0x600 ./Core/Src/adc.o
 .debug_macro   0x000205b1      0x1b6 ./Core/Src/adc.o
 .debug_macro   0x00020767      0x34a ./Core/Src/adc.o
 .debug_macro   0x00020ab1      0x53c ./Core/Src/adc.o
 .debug_macro   0x00020fed      0x18b ./Core/Src/adc.o
 .debug_macro   0x00021178       0x43 ./Core/Src/adc.o
 .debug_macro   0x000211bb      0x23d ./Core/Src/adc.o
 .debug_macro   0x000213f8     0x1111 ./Core/Src/adc.o
 .debug_macro   0x00022509      0x72e ./Core/Src/adc.o
 .debug_macro   0x00022c37      0x391 ./Core/Src/adc.o
 .debug_macro   0x00022fc8      0x211 ./Core/Src/adc.o
 .debug_macro   0x000231d9      0x6bd ./Core/Src/adc.o
 .debug_macro   0x00023896      0x45c ./Core/Src/adc.o
 .debug_macro   0x00023cf2      0x11c ./Core/Src/adc.o
 .debug_macro   0x00023e0e       0x85 ./Core/Src/adc.o
 .debug_macro   0x00023e93      0x122 ./Core/Src/adc.o
 .debug_macro   0x00023fb5      0x3d1 ./Core/Src/adc.o
 .debug_macro   0x00024386      0xc0b ./Core/Src/adc.o
 .debug_macro   0x00024f91      0x718 ./Core/Src/adc.o
 .debug_macro   0x000256a9      0x358 ./Core/Src/adc.o
 .debug_macro   0x00025a01       0x28 ./Core/Src/adc.o
 .debug_macro   0x00025a29      0x22f ./Core/Src/app.o
 .debug_macro   0x00025c58       0x22 ./Core/Src/app.o
 .debug_macro   0x00025c7a      0x3ad ./Core/Src/app.o
 .debug_macro   0x00026027       0x22 ./Core/Src/app.o
 .debug_macro   0x00026049      0x2ed ./Core/Src/can_comp.o
 .debug_macro   0x00026336       0x61 ./Core/Src/can_comp.o
 .debug_macro   0x00026397       0x2a ./Core/Src/can_comp.o
 .debug_macro   0x000263c1       0x43 ./Core/Src/can_comp.o
 .debug_macro   0x00026404       0x34 ./Core/Src/can_comp.o
 .debug_macro   0x00026438      0x364 ./Core/Src/can_comp.o
 .debug_macro   0x0002679c       0x16 ./Core/Src/can_comp.o
 .debug_macro   0x000267b2       0x4a ./Core/Src/can_comp.o
 .debug_macro   0x000267fc       0x34 ./Core/Src/can_comp.o
 .debug_macro   0x00026830       0x10 ./Core/Src/can_comp.o
 .debug_macro   0x00026840       0x58 ./Core/Src/can_comp.o
 .debug_macro   0x00026898       0x8e ./Core/Src/can_comp.o
 .debug_macro   0x00026926       0x1c ./Core/Src/can_comp.o
 .debug_macro   0x00026942      0x17e ./Core/Src/can_comp.o
 .debug_macro   0x00026ac0       0x10 ./Core/Src/can_comp.o
 .debug_macro   0x00026ad0       0x3c ./Core/Src/can_comp.o
 .debug_macro   0x00026b0c       0x20 ./Core/Src/can_comp.o
 .debug_macro   0x00026b2c      0x20a ./Core/Src/dma.o
 .debug_macro   0x00026d36      0x20a ./Core/Src/fdcan.o
 .debug_macro   0x00026f40      0x20a ./Core/Src/gpio.o
 .debug_macro   0x0002714a      0x20a ./Core/Src/iwdg.o
 .debug_macro   0x00027354      0x26f ./Core/Src/main.o
 .debug_macro   0x000275c3      0x2fb ./Core/Src/params.o
 .debug_macro   0x000278be      0x21f ./Core/Src/pumps.o
 .debug_macro   0x00027add      0x2ce ./Core/Src/sensors.o
 .debug_macro   0x00027dab      0x19b ./Core/Src/sensors.o
 .debug_macro   0x00027f46      0x200 ./Core/Src/stm32g4xx_hal_msp.o
 .debug_macro   0x00028146      0x1f1 ./Core/Src/stm32g4xx_hal_timebase_tim.o
 .debug_macro   0x00028337      0x20a ./Core/Src/stm32g4xx_it.o
 .debug_macro   0x00028541      0x1f1 ./Core/Src/system_stm32g4xx.o
 .debug_macro   0x00028732       0x7f ./Core/Src/temp_meas.o
 .debug_macro   0x000287b1      0x333 ./Core/Src/thermal_control.o
 .debug_macro   0x00028ae4       0x7c ./Core/Src/thermal_control.o
 .debug_macro   0x00028b60       0x17 ./Core/Src/thermal_control.o
 .debug_macro   0x00028b77      0x118 ./Core/Src/thermal_control.o
 .debug_macro   0x00028c8f      0x20a ./Core/Src/tim.o
 .debug_macro   0x00028e99      0x31b ./Core/Src/valves.o
 .debug_macro   0x000291b4       0x16 ./Core/Src/valves.o
 .debug_macro   0x000291ca      0x23f ./Drivers/STM32G4xx_HAL_Driver/Src/stm32g4xx_hal.o
 .debug_macro   0x00029409      0x20e ./Drivers/STM32G4xx_HAL_Driver/Src/stm32g4xx_hal_adc.o
 .debug_macro   0x00029617      0x1fd ./Drivers/STM32G4xx_HAL_Driver/Src/stm32g4xx_hal_adc_ex.o
 .debug_macro   0x00029814      0x1f1 ./Drivers/STM32G4xx_HAL_Driver/Src/stm32g4xx_hal_cortex.o
 .debug_macro   0x00029a05      0x1f1 ./Drivers/STM32G4xx_HAL_Driver/Src/stm32g4xx_hal_dma.o
 .debug_macro   0x00029bf6      0x303 ./Drivers/STM32G4xx_HAL_Driver/Src/stm32g4xx_hal_fdcan.o
 .debug_macro   0x00029ef9      0x1f8 ./Drivers/STM32G4xx_HAL_Driver/Src/stm32g4xx_hal_gpio.o
 .debug_macro   0x0002a0f1      0x1ff ./Drivers/STM32G4xx_HAL_Driver/Src/stm32g4xx_hal_iwdg.o
 .debug_macro   0x0002a2f0      0x21b ./Drivers/STM32G4xx_HAL_Driver/Src/stm32g4xx_hal_pwr_ex.o
 .debug_macro   0x0002a50b      0x233 ./Drivers/STM32G4xx_HAL_Driver/Src/stm32g4xx_hal_rcc.o
 .debug_macro   0x0002a73e      0x21b ./Drivers/STM32G4xx_HAL_Driver/Src/stm32g4xx_hal_rcc_ex.o
 .debug_macro   0x0002a959      0x1f9 ./Drivers/STM32G4xx_HAL_Driver/Src/stm32g4xx_hal_tim.o
 .debug_macro   0x0002ab52      0x1f7 ./Drivers/STM32G4xx_HAL_Driver/Src/stm32g4xx_hal_tim_ex.o

.debug_line     0x00000000    0x1d2c0
 .debug_line    0x00000000      0xa37 ./Core/Src/adc.o
 .debug_line    0x00000a37      0x97d ./Core/Src/app.o
 .debug_line    0x000013b4      0xcb5 ./Core/Src/can_comp.o
 .debug_line    0x00002069      0x74e ./Core/Src/dma.o
 .debug_line    0x000027b7      0x7f1 ./Core/Src/fdcan.o
 .debug_line    0x00002fa8      0x7fb ./Core/Src/gpio.o
 .debug_line    0x000037a3      0x761 ./Core/Src/iwdg.o
 .debug_line    0x00003f04      0x870 ./Core/Src/main.o
 .debug_line    0x00004774      0xb1e ./Core/Src/params.o
 .debug_line    0x00005292      0x8e9 ./Core/Src/pumps.o
 .debug_line    0x00005b7b      0xaaa ./Core/Src/sensors.o
 .debug_line    0x00006625      0x750 ./Core/Src/stm32g4xx_hal_msp.o
 .debug_line    0x00006d75      0x7b8 ./Core/Src/stm32g4xx_hal_timebase_tim.o
 .debug_line    0x0000752d      0x8b9 ./Core/Src/stm32g4xx_it.o
 .debug_line    0x00007de6      0x7bc ./Core/Src/system_stm32g4xx.o
 .debug_line    0x000085a2      0x424 ./Core/Src/temp_meas.o
 .debug_line    0x000089c6      0xfc0 ./Core/Src/thermal_control.o
 .debug_line    0x00009986      0x9e9 ./Core/Src/tim.o
 .debug_line    0x0000a36f      0xc65 ./Core/Src/valves.o
 .debug_line    0x0000afd4       0x7b ./Core/Startup/startup_stm32g474vetx.o
 .debug_line    0x0000b04f      0xb8b ./Drivers/STM32G4xx_HAL_Driver/Src/stm32g4xx_hal.o
 .debug_line    0x0000bbda     0x2261 ./Drivers/STM32G4xx_HAL_Driver/Src/stm32g4xx_hal_adc.o
 .debug_line    0x0000de3b     0x1bd5 ./Drivers/STM32G4xx_HAL_Driver/Src/stm32g4xx_hal_adc_ex.o
 .debug_line    0x0000fa10      0xced ./Drivers/STM32G4xx_HAL_Driver/Src/stm32g4xx_hal_cortex.o
 .debug_line    0x000106fd      0xe9d ./Drivers/STM32G4xx_HAL_Driver/Src/stm32g4xx_hal_dma.o
 .debug_line    0x0001159a     0x18f2 ./Drivers/STM32G4xx_HAL_Driver/Src/stm32g4xx_hal_fdcan.o
 .debug_line    0x00012e8c      0xb74 ./Drivers/STM32G4xx_HAL_Driver/Src/stm32g4xx_hal_gpio.o
 .debug_line    0x00013a00      0x7e3 ./Drivers/STM32G4xx_HAL_Driver/Src/stm32g4xx_hal_iwdg.o
 .debug_line    0x000141e3      0xce7 ./Drivers/STM32G4xx_HAL_Driver/Src/stm32g4xx_hal_pwr_ex.o
 .debug_line    0x00014eca     0x100b ./Drivers/STM32G4xx_HAL_Driver/Src/stm32g4xx_hal_rcc.o
 .debug_line    0x00015ed5     0x1281 ./Drivers/STM32G4xx_HAL_Driver/Src/stm32g4xx_hal_rcc_ex.o
 .debug_line    0x00017156     0x40db ./Drivers/STM32G4xx_HAL_Driver/Src/stm32g4xx_hal_tim.o
 .debug_line    0x0001b231     0x208f ./Drivers/STM32G4xx_HAL_Driver/Src/stm32g4xx_hal_tim_ex.o

.debug_str      0x00000000   0x114481
 .debug_str     0x00000000   0x114481 ./Core/Src/adc.o
                             0x107ec9 (size before relaxing)
 .debug_str     0x00114481   0x109834 ./Core/Src/app.o
 .debug_str     0x00114481   0x10c143 ./Core/Src/can_comp.o
 .debug_str     0x00114481   0x107b7a ./Core/Src/dma.o
 .debug_str     0x00114481   0x1081e6 ./Core/Src/fdcan.o
 .debug_str     0x00114481   0x107c48 ./Core/Src/gpio.o
 .debug_str     0x00114481   0x107480 ./Core/Src/iwdg.o
 .debug_str     0x00114481   0x10863e ./Core/Src/main.o
 .debug_str     0x00114481   0x10bc27 ./Core/Src/params.o
 .debug_str     0x00114481   0x10903d ./Core/Src/pumps.o
 .debug_str     0x00114481   0x10c97d ./Core/Src/sensors.o
 .debug_str     0x00114481   0x107544 ./Core/Src/stm32g4xx_hal_msp.o
 .debug_str     0x00114481   0x108241 ./Core/Src/stm32g4xx_hal_timebase_tim.o
 .debug_str     0x00114481   0x107ed0 ./Core/Src/stm32g4xx_it.o
 .debug_str     0x00114481   0x10753d ./Core/Src/system_stm32g4xx.o
 .debug_str     0x00114481     0x3e90 ./Core/Src/temp_meas.o
 .debug_str     0x00114481   0x10c3fa ./Core/Src/thermal_control.o
 .debug_str     0x00114481   0x1084ee ./Core/Src/tim.o
 .debug_str     0x00114481   0x10be4e ./Core/Src/valves.o
 .debug_str     0x00114481       0x86 ./Core/Startup/startup_stm32g474vetx.o
 .debug_str     0x00114481   0x10824f ./Drivers/STM32G4xx_HAL_Driver/Src/stm32g4xx_hal.o
 .debug_str     0x00114481   0x10856a ./Drivers/STM32G4xx_HAL_Driver/Src/stm32g4xx_hal_adc.o
 .debug_str     0x00114481   0x108510 ./Drivers/STM32G4xx_HAL_Driver/Src/stm32g4xx_hal_adc_ex.o
 .debug_str     0x00114481   0x107f0b ./Drivers/STM32G4xx_HAL_Driver/Src/stm32g4xx_hal_cortex.o
 .debug_str     0x00114481   0x107917 ./Drivers/STM32G4xx_HAL_Driver/Src/stm32g4xx_hal_dma.o
 .debug_str     0x00114481   0x108ae4 ./Drivers/STM32G4xx_HAL_Driver/Src/stm32g4xx_hal_fdcan.o
 .debug_str     0x00114481   0x1076c8 ./Drivers/STM32G4xx_HAL_Driver/Src/stm32g4xx_hal_gpio.o
 .debug_str     0x00114481   0x1074b8 ./Drivers/STM32G4xx_HAL_Driver/Src/stm32g4xx_hal_iwdg.o
 .debug_str     0x00114481   0x107a2b ./Drivers/STM32G4xx_HAL_Driver/Src/stm32g4xx_hal_pwr_ex.o
 .debug_str     0x00114481   0x107c5c ./Drivers/STM32G4xx_HAL_Driver/Src/stm32g4xx_hal_rcc.o
 .debug_str     0x00114481   0x107c86 ./Drivers/STM32G4xx_HAL_Driver/Src/stm32g4xx_hal_rcc_ex.o
 .debug_str     0x00114481   0x108a3b ./Drivers/STM32G4xx_HAL_Driver/Src/stm32g4xx_hal_tim.o
 .debug_str     0x00114481   0x1086af ./Drivers/STM32G4xx_HAL_Driver/Src/stm32g4xx_hal_tim_ex.o

.comment        0x00000000       0x43
 .comment       0x00000000       0x43 ./Core/Src/adc.o
                                 0x44 (size before relaxing)
 .comment       0x00000043       0x44 ./Core/Src/app.o
 .comment       0x00000043       0x44 ./Core/Src/can_comp.o
 .comment       0x00000043       0x44 ./Core/Src/dma.o
 .comment       0x00000043       0x44 ./Core/Src/fdcan.o
 .comment       0x00000043       0x44 ./Core/Src/gpio.o
 .comment       0x00000043       0x44 ./Core/Src/iwdg.o
 .comment       0x00000043       0x44 ./Core/Src/main.o
 .comment       0x00000043       0x44 ./Core/Src/params.o
 .comment       0x00000043       0x44 ./Core/Src/pumps.o
 .comment       0x00000043       0x44 ./Core/Src/sensors.o
 .comment       0x00000043       0x44 ./Core/Src/stm32g4xx_hal_msp.o
 .comment       0x00000043       0x44 ./Core/Src/stm32g4xx_hal_timebase_tim.o
 .comment       0x00000043       0x44 ./Core/Src/stm32g4xx_it.o
 .comment       0x00000043       0x44 ./Core/Src/system_stm32g4xx.o
 .comment       0x00000043       0x44 ./Core/Src/temp_meas.o
 .comment       0x00000043       0x44 ./Core/Src/thermal_control.o
 .comment       0x00000043       0x44 ./Core/Src/tim.o
 .comment       0x00000043       0x44 ./Core/Src/valves.o
 .comment       0x00000043       0x44 ./Drivers/STM32G4xx_HAL_Driver/Src/stm32g4xx_hal.o
 .comment       0x00000043       0x44 ./Drivers/STM32G4xx_HAL_Driver/Src/stm32g4xx_hal_adc.o
 .comment       0x00000043       0x44 ./Drivers/STM32G4xx_HAL_Driver/Src/stm32g4xx_hal_adc_ex.o
 .comment       0x00000043       0x44 ./Drivers/STM32G4xx_HAL_Driver/Src/stm32g4xx_hal_cortex.o
 .comment       0x00000043       0x44 ./Drivers/STM32G4xx_HAL_Driver/Src/stm32g4xx_hal_dma.o
 .comment       0x00000043       0x44 ./Drivers/STM32G4xx_HAL_Driver/Src/stm32g4xx_hal_fdcan.o
 .comment       0x00000043       0x44 ./Drivers/STM32G4xx_HAL_Driver/Src/stm32g4xx_hal_gpio.o
 .comment       0x00000043       0x44 ./Drivers/STM32G4xx_HAL_Driver/Src/stm32g4xx_hal_iwdg.o
 .comment       0x00000043       0x44 ./Drivers/STM32G4xx_HAL_Driver/Src/stm32g4xx_hal_pwr_ex.o
 .comment       0x00000043       0x44 ./Drivers/STM32G4xx_HAL_Driver/Src/stm32g4xx_hal_rcc.o
 .comment       0x00000043       0x44 ./Drivers/STM32G4xx_HAL_Driver/Src/stm32g4xx_hal_rcc_ex.o
 .comment       0x00000043       0x44 ./Drivers/STM32G4xx_HAL_Driver/Src/stm32g4xx_hal_tim.o
 .comment       0x00000043       0x44 ./Drivers/STM32G4xx_HAL_Driver/Src/stm32g4xx_hal_tim_ex.o

.debug_frame    0x00000000     0x5bd4
 .debug_frame   0x00000000       0xa4 ./Core/Src/adc.o
 .debug_frame   0x000000a4      0x134 ./Core/Src/app.o
 .debug_frame   0x000001d8      0x164 ./Core/Src/can_comp.o
 .debug_frame   0x0000033c       0x34 ./Core/Src/dma.o
 .debug_frame   0x00000370       0x78 ./Core/Src/fdcan.o
 .debug_frame   0x000003e8       0x38 ./Core/Src/gpio.o
 .debug_frame   0x00000420       0x2c ./Core/Src/iwdg.o
 .debug_frame   0x0000044c       0x68 ./Core/Src/main.o
 .debug_frame   0x000004b4      0x17c ./Core/Src/params.o
 .debug_frame   0x00000630       0xfc ./Core/Src/pumps.o
 .debug_frame   0x0000072c      0x128 ./Core/Src/sensors.o
 .debug_frame   0x00000854       0x34 ./Core/Src/stm32g4xx_hal_msp.o
 .debug_frame   0x00000888       0x6c ./Core/Src/stm32g4xx_hal_timebase_tim.o
 .debug_frame   0x000008f4      0x1d8 ./Core/Src/stm32g4xx_it.o
 .debug_frame   0x00000acc       0x50 ./Core/Src/system_stm32g4xx.o
 .debug_frame   0x00000b1c       0x34 ./Core/Src/temp_meas.o
 .debug_frame   0x00000b50      0x1ac ./Core/Src/thermal_control.o
 .debug_frame   0x00000cfc      0x154 ./Core/Src/tim.o
 .debug_frame   0x00000e50      0x1bc ./Core/Src/valves.o
 .debug_frame   0x0000100c      0x480 ./Drivers/STM32G4xx_HAL_Driver/Src/stm32g4xx_hal.o
 .debug_frame   0x0000148c      0xa00 ./Drivers/STM32G4xx_HAL_Driver/Src/stm32g4xx_hal_adc.o
 .debug_frame   0x00001e8c      0x798 ./Drivers/STM32G4xx_HAL_Driver/Src/stm32g4xx_hal_adc_ex.o
 .debug_frame   0x00002624      0x49c ./Drivers/STM32G4xx_HAL_Driver/Src/stm32g4xx_hal_cortex.o
 .debug_frame   0x00002ac0      0x22c ./Drivers/STM32G4xx_HAL_Driver/Src/stm32g4xx_hal_dma.o
 .debug_frame   0x00002cec      0x8d0 ./Drivers/STM32G4xx_HAL_Driver/Src/stm32g4xx_hal_fdcan.o
 .debug_frame   0x000035bc      0x130 ./Drivers/STM32G4xx_HAL_Driver/Src/stm32g4xx_hal_gpio.o
 .debug_frame   0x000036ec       0x58 ./Drivers/STM32G4xx_HAL_Driver/Src/stm32g4xx_hal_iwdg.o
 .debug_frame   0x00003744      0x46c ./Drivers/STM32G4xx_HAL_Driver/Src/stm32g4xx_hal_pwr_ex.o
 .debug_frame   0x00003bb0      0x218 ./Drivers/STM32G4xx_HAL_Driver/Src/stm32g4xx_hal_rcc.o