../Core/Src/can_comp.c:16:23:lowByte	16	static
../Core/Src/can_comp.c:17:23:highByte	16	static
../Core/Src/can_comp.c:19:13:_send	56	static
../Core/Src/can_comp.c:34:6:CanComp_Init	40	static
../Core/Src/can_comp.c:51:6:CanComp_Update	144	static,ignoring_inline_asm
../Core/Src/can_comp.c:139:6:CanComp_SetDuty	16	static
../Core/Src/can_comp.c:146:5:CanComp_GetDuty	8	static
../Core/Src/can_comp.c:150:6:CanComp_EmergencyStop	8	static
../Core/Src/can_comp.c:156:21:CanComp_GetStatus	4	static
../Core/Src/can_comp.c:159:6:CanComp_RxCallback	72	static
