../Core/Src/valves.c:46:20:_exvStep	16	static
../Core/Src/valves.c:49:20:_exvDir	16	static
../Core/Src/valves.c:53:20:_exvEnable	16	static
../Core/Src/valves.c:62:6:Valve_ExpansionRunSteps	16	static
../Core/Src/valves.c:84:6:Valve_ExpansionSetPos	24	static
../Core/Src/valves.c:105:6:Valve_ExpansionCalibrateAll	16	static
../Core/Src/valves.c:117:6:Valve_CoolantCondensorOpen	8	static
../Core/Src/valves.c:122:6:Valve_CoolantCondensorClose	8	static
../Core/Src/valves.c:128:6:Valve_OctoISR	4	static
../Core/Src/valves.c:137:5:Valve_OctoSetPos	16	static
../Core/Src/valves.c:145:5:Valve_OctoGetPos	4	static
../Core/Src/valves.c:149:6:Valve_OctoRunTask	48	static
../Core/Src/valves.c:230:6:Valve_OctoCalibrate	8	static
